Archive member included because of file (symbol)

/home/niklas/Downloads/gcc-arm-none-eabi-4_8-2014q3/bin/../lib/gcc/arm-none-eabi/4.8.4/../../../../arm-none-eabi/lib/armv6-m/libc_s.a(lib_a-exit.o)
                              /home/niklas/Downloads/gcc-arm-none-eabi-4_8-2014q3/bin/../lib/gcc/arm-none-eabi/4.8.4/../../../../arm-none-eabi/lib/armv6-m/crt0.o (exit)
/home/niklas/Downloads/gcc-arm-none-eabi-4_8-2014q3/bin/../lib/gcc/arm-none-eabi/4.8.4/../../../../arm-none-eabi/lib/armv6-m/libc_s.a(lib_a-impure.o)
                              /home/niklas/Downloads/gcc-arm-none-eabi-4_8-2014q3/bin/../lib/gcc/arm-none-eabi/4.8.4/../../../../arm-none-eabi/lib/armv6-m/libc_s.a(lib_a-exit.o) (_global_impure_ptr)
/home/niklas/Downloads/gcc-arm-none-eabi-4_8-2014q3/bin/../lib/gcc/arm-none-eabi/4.8.4/../../../../arm-none-eabi/lib/armv6-m/libc_s.a(lib_a-init.o)
                              /home/niklas/Downloads/gcc-arm-none-eabi-4_8-2014q3/bin/../lib/gcc/arm-none-eabi/4.8.4/../../../../arm-none-eabi/lib/armv6-m/crt0.o (__libc_init_array)
/home/niklas/Downloads/gcc-arm-none-eabi-4_8-2014q3/bin/../lib/gcc/arm-none-eabi/4.8.4/../../../../arm-none-eabi/lib/armv6-m/libc_s.a(lib_a-memset.o)
                              /home/niklas/Downloads/gcc-arm-none-eabi-4_8-2014q3/bin/../lib/gcc/arm-none-eabi/4.8.4/../../../../arm-none-eabi/lib/armv6-m/crt0.o (memset)
/home/niklas/Downloads/gcc-arm-none-eabi-4_8-2014q3/bin/../lib/gcc/arm-none-eabi/4.8.4/../../../../arm-none-eabi/lib/armv6-m/libnosys.a(_exit.o)
                              /home/niklas/Downloads/gcc-arm-none-eabi-4_8-2014q3/bin/../lib/gcc/arm-none-eabi/4.8.4/../../../../arm-none-eabi/lib/armv6-m/libc_s.a(lib_a-exit.o) (_exit)
/home/niklas/Downloads/gcc-arm-none-eabi-4_8-2014q3/bin/../lib/gcc/arm-none-eabi/4.8.4/armv6-m/libgcc.a(_udivsi3.o)
                              build/system_stm32l0xx.o (__aeabi_uidiv)
/home/niklas/Downloads/gcc-arm-none-eabi-4_8-2014q3/bin/../lib/gcc/arm-none-eabi/4.8.4/armv6-m/libgcc.a(_dvmd_tls.o)
                              /home/niklas/Downloads/gcc-arm-none-eabi-4_8-2014q3/bin/../lib/gcc/arm-none-eabi/4.8.4/armv6-m/libgcc.a(_udivsi3.o) (__aeabi_idiv0)

Allocating common symbols
Common symbol       size              file

uwTick              0x4               build/stm32l0xx_hal.o
pFlash              0x18              build/stm32l0xx_hal_flash.o
hdac                0x14              build/main.o
hspi1               0x58              build/main.o
hadc                0x60              build/main.o

Discarded input sections

 .text          0x00000000        0x0 /home/niklas/Downloads/gcc-arm-none-eabi-4_8-2014q3/bin/../lib/gcc/arm-none-eabi/4.8.4/armv6-m/crti.o
 .data          0x00000000        0x0 /home/niklas/Downloads/gcc-arm-none-eabi-4_8-2014q3/bin/../lib/gcc/arm-none-eabi/4.8.4/armv6-m/crti.o
 .bss           0x00000000        0x0 /home/niklas/Downloads/gcc-arm-none-eabi-4_8-2014q3/bin/../lib/gcc/arm-none-eabi/4.8.4/armv6-m/crti.o
 .data          0x00000000        0x4 /home/niklas/Downloads/gcc-arm-none-eabi-4_8-2014q3/bin/../lib/gcc/arm-none-eabi/4.8.4/armv6-m/crtbegin.o
 .text          0x00000000       0x78 /home/niklas/Downloads/gcc-arm-none-eabi-4_8-2014q3/bin/../lib/gcc/arm-none-eabi/4.8.4/../../../../arm-none-eabi/lib/armv6-m/crt0.o
 .data          0x00000000        0x0 /home/niklas/Downloads/gcc-arm-none-eabi-4_8-2014q3/bin/../lib/gcc/arm-none-eabi/4.8.4/../../../../arm-none-eabi/lib/armv6-m/crt0.o
 .bss           0x00000000        0x0 /home/niklas/Downloads/gcc-arm-none-eabi-4_8-2014q3/bin/../lib/gcc/arm-none-eabi/4.8.4/../../../../arm-none-eabi/lib/armv6-m/crt0.o
 .ARM.extab     0x00000000        0x0 /home/niklas/Downloads/gcc-arm-none-eabi-4_8-2014q3/bin/../lib/gcc/arm-none-eabi/4.8.4/../../../../arm-none-eabi/lib/armv6-m/crt0.o
 .ARM.exidx     0x00000000        0x8 /home/niklas/Downloads/gcc-arm-none-eabi-4_8-2014q3/bin/../lib/gcc/arm-none-eabi/4.8.4/../../../../arm-none-eabi/lib/armv6-m/crt0.o
 .ARM.attributes
                0x00000000       0x1b /home/niklas/Downloads/gcc-arm-none-eabi-4_8-2014q3/bin/../lib/gcc/arm-none-eabi/4.8.4/../../../../arm-none-eabi/lib/armv6-m/crt0.o
 .text          0x00000000        0x0 build/system_stm32l0xx.o
 .data          0x00000000        0x0 build/system_stm32l0xx.o
 .bss           0x00000000        0x0 build/system_stm32l0xx.o
 .text.SystemCoreClockUpdate
                0x00000000       0xc0 build/system_stm32l0xx.o
 .rodata.APBPrescTable
                0x00000000        0x8 build/system_stm32l0xx.o
 .text          0x00000000        0x0 build/main.o
 .data          0x00000000        0x0 build/main.o
 .bss           0x00000000        0x0 build/main.o
 .text          0x00000000        0x0 build/stm32l0xx_hal_i2c.o
 .data          0x00000000        0x0 build/stm32l0xx_hal_i2c.o
 .bss           0x00000000        0x0 build/stm32l0xx_hal_i2c.o
 .text.I2C_Flush_TXDR
                0x00000000       0x20 build/stm32l0xx_hal_i2c.o
 .text.I2C_DMASlaveTransmitCplt
[...]
Memory Configuration

Name             Origin             Length             Attributes
RAM              0x20000000         0x00005000         xrw
FLASH            0x08000000         0x00020000         xr
*default*        0x00000000         0xffffffff

Linker script and memory map

LOAD /home/niklas/Downloads/gcc-arm-none-eabi-4_8-2014q3/bin/../lib/gcc/arm-none-eabi/4.8.4/armv6-m/crti.o
LOAD /home/niklas/Downloads/gcc-arm-none-eabi-4_8-2014q3/bin/../lib/gcc/arm-none-eabi/4.8.4/armv6-m/crtbegin.o
LOAD /home/niklas/Downloads/gcc-arm-none-eabi-4_8-2014q3/bin/../lib/gcc/arm-none-eabi/4.8.4/../../../../arm-none-eabi/lib/armv6-m/crt0.o
LOAD build/system_stm32l0xx.o
LOAD build/main.o
LOAD build/stm32l0xx_hal_i2c.o
LOAD build/stm32l0xx_hal_flash_ramfunc.o
LOAD build/stm32l0xx_hal_cortex.o
LOAD build/stm32l0xx_hal_gpio.o
LOAD build/stm32l0xx_hal_dac_ex.o
LOAD build/stm32l0xx_hal.o
LOAD build/stm32l0xx_hal_pwr_ex.o
LOAD build/stm32l0xx_hal_tim.o
LOAD build/stm32l0xx_hal_dac.o
LOAD build/stm32l0xx_hal_tim_ex.o
LOAD build/stm32l0xx_hal_dma.o
LOAD build/stm32l0xx_hal_adc.o
LOAD build/stm32l0xx_hal_adc_ex.o
LOAD build/stm32l0xx_hal_flash.o
LOAD build/stm32l0xx_hal_i2c_ex.o
LOAD build/stm32l0xx_it.o
LOAD build/stm32l0xx_hal_rcc_ex.o
LOAD build/stm32l0xx_hal_pwr.o
LOAD build/stm32l0xx_hal_flash_ex.o
LOAD build/stm32l0xx_hal_msp.o
LOAD build/stm32l0xx_hal_spi.o
LOAD build/stm32l0xx_hal_rcc.o
LOAD build/startup_stm32l072xx.o
LOAD /home/niklas/Downloads/gcc-arm-none-eabi-4_8-2014q3/bin/../lib/gcc/arm-none-eabi/4.8.4/../../../../arm-none-eabi/lib/armv6-m/libc_s.a
LOAD /home/niklas/Downloads/gcc-arm-none-eabi-4_8-2014q3/bin/../lib/gcc/arm-none-eabi/4.8.4/../../../../arm-none-eabi/lib/armv6-m/libm.a
LOAD /home/niklas/Downloads/gcc-arm-none-eabi-4_8-2014q3/bin/../lib/gcc/arm-none-eabi/4.8.4/../../../../arm-none-eabi/lib/armv6-m/libnosys.a
START GROUP
LOAD /home/niklas/Downloads/gcc-arm-none-eabi-4_8-2014q3/bin/../lib/gcc/arm-none-eabi/4.8.4/armv6-m/libgcc.a
LOAD /home/niklas/Downloads/gcc-arm-none-eabi-4_8-2014q3/bin/../lib/gcc/arm-none-eabi/4.8.4/../../../../arm-none-eabi/lib/armv6-m/libc_s.a
END GROUP
START GROUP
LOAD /home/niklas/Downloads/gcc-arm-none-eabi-4_8-2014q3/bin/../lib/gcc/arm-none-eabi/4.8.4/armv6-m/libgcc.a
LOAD /home/niklas/Downloads/gcc-arm-none-eabi-4_8-2014q3/bin/../lib/gcc/arm-none-eabi/4.8.4/../../../../arm-none-eabi/lib/armv6-m/libc_s.a
END GROUP
LOAD /home/niklas/Downloads/gcc-arm-none-eabi-4_8-2014q3/bin/../lib/gcc/arm-none-eabi/4.8.4/armv6-m/crtend.o
LOAD /home/niklas/Downloads/gcc-arm-none-eabi-4_8-2014q3/bin/../lib/gcc/arm-none-eabi/4.8.4/armv6-m/crtn.o
                0x20005000                _estack = 0x20005000
                0x00000200                _Min_Heap_Size = 0x200
                0x00000400                _Min_Stack_Size = 0x400

.isr_vector     0x08000000       0xc0
                0x08000000                . = ALIGN (0x4)
 *(.isr_vector)
 .isr_vector    0x08000000       0xc0 build/startup_stm32l072xx.o
                0x08000000                g_pfnVectors
                0x080000c0                . = ALIGN (0x4)

.text           0x080000c0     0x185c
                0x080000c0                . = ALIGN (0x4)
 *(.text)
 .text          0x080000c0       0x60 /home/niklas/Downloads/gcc-arm-none-eabi-4_8-2014q3/bin/../lib/gcc/arm-none-eabi/4.8.4/armv6-m/crtbegin.o
 .text          0x08000120       0x9c /home/niklas/Downloads/gcc-arm-none-eabi-4_8-2014q3/bin/../lib/gcc/arm-none-eabi/4.8.4/armv6-m/libgcc.a(_udivsi3.o)
                0x08000120                __udivsi3
                0x08000120                __aeabi_uidiv
                0x080001a8                __aeabi_uidivmod
 .text          0x080001bc        0x4 /home/niklas/Downloads/gcc-arm-none-eabi-4_8-2014q3/bin/../lib/gcc/arm-none-eabi/4.8.4/armv6-m/libgcc.a(_dvmd_tls.o)
                0x080001bc                __aeabi_ldiv0
                0x080001bc                __aeabi_idiv0
 *(.text*)
 .text.SystemInit
                0x080001c0       0x5c build/system_stm32l0xx.o
                0x080001c0                SystemInit
 .text.MX_GPIO_Init
                0x0800021c      0x100 build/main.o
 .text._Error_Handler
                0x0800031c        0x4 build/main.o
                0x0800031c                _Error_Handler
 .text.MX_ADC_Init
                0x08000320      0x19c build/main.o
 .text.MX_DAC_Init
                0x080004bc       0x64 build/main.o
 .text.MX_SPI1_Init
                0x08000520       0x4c build/main.o
 .text.SystemClock_Config
                0x0800056c       0x8c build/main.o
                0x0800056c                SystemClock_Config
 .text.main     0x080005f8       0x88 build/main.o
                0x080005f8                main
 .text.HAL_NVIC_SetPriority
                0x08000680       0x64 build/stm32l0xx_hal_cortex.o
                0x08000680                HAL_NVIC_SetPriority
 .text.HAL_SYSTICK_Config
                0x080006e4       0x38 build/stm32l0xx_hal_cortex.o
                0x080006e4                HAL_SYSTICK_Config
 .text.HAL_SYSTICK_CLKSourceConfig
                0x0800071c       0x20 build/stm32l0xx_hal_cortex.o
                0x0800071c                HAL_SYSTICK_CLKSourceConfig
 .text.HAL_SYSTICK_Callback
                0x0800073c        0x4 build/stm32l0xx_hal_cortex.o
                0x0800073c                HAL_SYSTICK_Callback
 .text.HAL_SYSTICK_IRQHandler
                0x08000740        0x8 build/stm32l0xx_hal_cortex.o
                0x08000740                HAL_SYSTICK_IRQHandler
 .text.HAL_GPIO_Init
                0x08000748      0x1f0 build/stm32l0xx_hal_gpio.o
                0x08000748                HAL_GPIO_Init
 .text.HAL_GPIO_WritePin
                0x08000938        0xc build/stm32l0xx_hal_gpio.o
                0x08000938                HAL_GPIO_WritePin
 .text.HAL_DAC_Start
                0x08000944       0x6c build/stm32l0xx_hal_dac_ex.o
                0x08000944                HAL_DAC_Start
 .text.HAL_DAC_SetValue
                0x080009b0       0x2c build/stm32l0xx_hal_dac_ex.o
                0x080009b0                HAL_DAC_SetValue
 .text.HAL_InitTick
                0x080009dc       0x28 build/stm32l0xx_hal.o
                0x080009dc                HAL_InitTick
 .text.HAL_Init
                0x08000a04       0x20 build/stm32l0xx_hal.o
                0x08000a04                HAL_Init
 .text.HAL_IncTick
                0x08000a24       0x10 build/stm32l0xx_hal.o
                0x08000a24                HAL_IncTick
 .text.HAL_GetTick
                0x08000a34        0xc build/stm32l0xx_hal.o
                0x08000a34                HAL_GetTick
 .text.HAL_Delay
                0x08000a40       0x1c build/stm32l0xx_hal.o
                0x08000a40                HAL_Delay
 .text.HAL_DAC_Init
                0x08000a5c       0x28 build/stm32l0xx_hal_dac.o
                0x08000a5c                HAL_DAC_Init
 .text.HAL_DAC_ConfigChannel
                0x08000a84       0x44 build/stm32l0xx_hal_dac.o
                0x08000a84                HAL_DAC_ConfigChannel
 .text.ADC_DelayMicroSecond
                0x08000ac8       0x30 build/stm32l0xx_hal_adc.o
 .text.HAL_ADC_Init
                0x08000af8      0x1e4 build/stm32l0xx_hal_adc.o
                0x08000af8                HAL_ADC_Init
 .text.HAL_ADC_ConfigChannel
                0x08000cdc       0xb8 build/stm32l0xx_hal_adc.o
                0x08000cdc                HAL_ADC_ConfigChannel
 .text.NMI_Handler
                0x08000d94        0x4 build/stm32l0xx_it.o
                0x08000d94                NMI_Handler
 .text.HardFault_Handler
                0x08000d98        0x4 build/stm32l0xx_it.o
                0x08000d98                HardFault_Handler
 .text.SVC_Handler
                0x08000d9c        0x4 build/stm32l0xx_it.o
                0x08000d9c                SVC_Handler
 .text.PendSV_Handler
                0x08000da0        0x4 build/stm32l0xx_it.o
                0x08000da0                PendSV_Handler
 .text.SysTick_Handler
                0x08000da4        0xc build/stm32l0xx_it.o
                0x08000da4                SysTick_Handler
 .text.HAL_MspInit
                0x08000db0       0x40 build/stm32l0xx_hal_msp.o
                0x08000db0                HAL_MspInit
 .text.HAL_ADC_MspInit
                0x08000df0       0x60 build/stm32l0xx_hal_msp.o
                0x08000df0                HAL_ADC_MspInit
 .text.HAL_DAC_MspInit
                0x08000e50       0x3c build/stm32l0xx_hal_msp.o
                0x08000e50                HAL_DAC_MspInit
 .text.HAL_SPI_MspInit
                0x08000e8c       0x5c build/stm32l0xx_hal_msp.o
                0x08000e8c                HAL_SPI_MspInit
 .text.HAL_SPI_Init
                0x08000ee8       0x88 build/stm32l0xx_hal_spi.o
                0x08000ee8                HAL_SPI_Init
 .text.RCC_SetFlashLatencyFromMSIRange
                0x08000f70       0x88 build/stm32l0xx_hal_rcc.o
 .text.HAL_RCC_OscConfig
                0x08000ff8      0x5fc build/stm32l0xx_hal_rcc.o
                0x08000ff8                HAL_RCC_OscConfig
 .text.HAL_RCC_GetSysClockFreq
                0x080015f4       0x8c build/stm32l0xx_hal_rcc.o
                0x080015f4                HAL_RCC_GetSysClockFreq
 .text.HAL_RCC_ClockConfig
                0x08001680      0x1d8 build/stm32l0xx_hal_rcc.o
                0x08001680                HAL_RCC_ClockConfig
 .text.HAL_RCC_GetHCLKFreq
                0x08001858        0xc build/stm32l0xx_hal_rcc.o
                0x08001858                HAL_RCC_GetHCLKFreq
 .text.Reset_Handler
                0x08001864       0x50 build/startup_stm32l072xx.o
                0x08001864                Reset_Handler
 .text.Default_Handler
                0x080018b4        0x2 build/startup_stm32l072xx.o
                0x080018b4                TSC_IRQHandler
                0x080018b4                ADC1_COMP_IRQHandler
                0x080018b4                PVD_IRQHandler
                0x080018b4                I2C1_IRQHandler
                0x080018b4                RCC_CRS_IRQHandler
                0x080018b4                SPI1_IRQHandler
                0x080018b4                TIM6_DAC_IRQHandler
                0x080018b4                EXTI2_3_IRQHandler
                0x080018b4                I2C2_IRQHandler
                0x080018b4                RTC_IRQHandler
                0x080018b4                DMA1_Channel4_5_6_7_IRQHandler
                0x080018b4                TIM3_IRQHandler
                0x080018b4                EXTI4_15_IRQHandler
                0x080018b4                DMA1_Channel1_IRQHandler
                0x080018b4                USART4_5_IRQHandler
                0x080018b4                Default_Handler
                0x080018b4                TIM22_IRQHandler
                0x080018b4                TIM7_IRQHandler
                0x080018b4                EXTI0_1_IRQHandler
                0x080018b4                USB_IRQHandler
                0x080018b4                I2C3_IRQHandler
                0x080018b4                SPI2_IRQHandler
                0x080018b4                TIM21_IRQHandler
                0x080018b4                WWDG_IRQHandler
                0x080018b4                TIM2_IRQHandler
                0x080018b4                DMA1_Channel2_3_IRQHandler
                0x080018b4                USART2_IRQHandler
                0x080018b4                FLASH_IRQHandler
                0x080018b4                USART1_IRQHandler
                0x080018b4                RNG_LPUART1_IRQHandler
                0x080018b4                LPTIM1_IRQHandler
 *fill*         0x080018b6        0x2 
 .text.__libc_init_array
                0x080018b8       0x4c /home/niklas/Downloads/gcc-arm-none-eabi-4_8-2014q3/bin/../lib/gcc/arm-none-eabi/4.8.4/../../../../arm-none-eabi/lib/armv6-m/libc_s.a(lib_a-init.o)
                0x080018b8                __libc_init_array
 *(.glue_7)
 .glue_7        0x00000000        0x0 linker stubs
 *(.glue_7t)
 .glue_7t       0x00000000        0x0 linker stubs
 *(.eh_frame)
 .eh_frame      0x08001904        0x0 /home/niklas/Downloads/gcc-arm-none-eabi-4_8-2014q3/bin/../lib/gcc/arm-none-eabi/4.8.4/armv6-m/crtbegin.o
 *(.init)
 .init          0x08001904        0x4 /home/niklas/Downloads/gcc-arm-none-eabi-4_8-2014q3/bin/../lib/gcc/arm-none-eabi/4.8.4/armv6-m/crti.o
                0x08001904                _init
 .init          0x08001908        0x8 /home/niklas/Downloads/gcc-arm-none-eabi-4_8-2014q3/bin/../lib/gcc/arm-none-eabi/4.8.4/armv6-m/crtn.o
 *(.fini)
 .fini          0x08001910        0x4 /home/niklas/Downloads/gcc-arm-none-eabi-4_8-2014q3/bin/../lib/gcc/arm-none-eabi/4.8.4/armv6-m/crti.o
                0x08001910                _fini
 .fini          0x08001914        0x8 /home/niklas/Downloads/gcc-arm-none-eabi-4_8-2014q3/bin/../lib/gcc/arm-none-eabi/4.8.4/armv6-m/crtn.o
                0x0800191c                . = ALIGN (0x4)
                0x0800191c                _etext = .

.vfp11_veneer   0x0800191c        0x0
 .vfp11_veneer  0x00000000        0x0 linker stubs

.v4_bx          0x0800191c        0x0
 .v4_bx         0x00000000        0x0 linker stubs

.iplt           0x0800191c        0x0
 .iplt          0x00000000        0x0 /home/niklas/Downloads/gcc-arm-none-eabi-4_8-2014q3/bin/../lib/gcc/arm-none-eabi/4.8.4/armv6-m/crtbegin.o

.rodata         0x0800191c       0x28
                0x0800191c                . = ALIGN (0x4)
 *(.rodata)
 *(.rodata*)
 .rodata.AHBPrescTable
                0x0800191c       0x10 build/system_stm32l0xx.o
                0x0800191c                AHBPrescTable
 .rodata.PLLMulTable
                0x0800192c        0xc build/system_stm32l0xx.o
                0x0800192c                PLLMulTable
 .rodata.str1.4
                0x08001938        0xc build/main.o
                0x08001944                . = ALIGN (0x4)

.rel.dyn        0x08001944        0x0
 .rel.iplt      0x00000000        0x0 /home/niklas/Downloads/gcc-arm-none-eabi-4_8-2014q3/bin/../lib/gcc/arm-none-eabi/4.8.4/armv6-m/crtbegin.o

.ARM.extab
 *(.ARM.extab* .gnu.linkonce.armextab.*)

.ARM            0x08001944        0x0
                0x08001944                __exidx_start = .
 *(.ARM.exidx*)
                0x08001944                __exidx_end = .

.preinit_array  0x08001944        0x0
                0x08001944                PROVIDE (__preinit_array_start, .)
 *(.preinit_array*)
                0x08001944                PROVIDE (__preinit_array_end, .)

.init_array     0x08001944        0x4
                0x08001944                PROVIDE (__init_array_start, .)
 *(SORT(.init_array.*))
 *(.init_array*)
 .init_array    0x08001944        0x4 /home/niklas/Downloads/gcc-arm-none-eabi-4_8-2014q3/bin/../lib/gcc/arm-none-eabi/4.8.4/armv6-m/crtbegin.o
                0x08001948                PROVIDE (__init_array_end, .)

.fini_array     0x08001948        0x4
                0x08001948                PROVIDE (__fini_array_start, .)
 *(SORT(.fini_array.*))
 *(.fini_array*)
 .fini_array    0x08001948        0x4 /home/niklas/Downloads/gcc-arm-none-eabi-4_8-2014q3/bin/../lib/gcc/arm-none-eabi/4.8.4/armv6-m/crtbegin.o
                0x0800194c                PROVIDE (__fini_array_end, .)
                0x0800194c                _sidata = LOADADDR (.data)

.data           0x20000000        0x4 load address 0x0800194c
                0x20000000                . = ALIGN (0x4)
                0x20000000                _sdata = .
 *(.data)
 *(.data*)
 .data.SystemCoreClock
                0x20000000        0x4 build/system_stm32l0xx.o
                0x20000000                SystemCoreClock
                0x20000004                . = ALIGN (0x4)
                0x20000004                _edata = .

.jcr            0x20000004        0x0 load address 0x08001950
 .jcr           0x20000004        0x0 /home/niklas/Downloads/gcc-arm-none-eabi-4_8-2014q3/bin/../lib/gcc/arm-none-eabi/4.8.4/armv6-m/crtbegin.o

.igot.plt       0x20000004        0x0 load address 0x08001950
 .igot.plt      0x00000000        0x0 /home/niklas/Downloads/gcc-arm-none-eabi-4_8-2014q3/bin/../lib/gcc/arm-none-eabi/4.8.4/armv6-m/crtbegin.o
                0x20000004                . = ALIGN (0x4)

.bss            0x20000004       0xec load address 0x08001950
                0x20000004                _sbss = .
                0x20000004                __bss_start__ = _sbss
 *(.bss)
 .bss           0x20000004       0x1c /home/niklas/Downloads/gcc-arm-none-eabi-4_8-2014q3/bin/../lib/gcc/arm-none-eabi/4.8.4/armv6-m/crtbegin.o
 *(.bss*)
 *(COMMON)
 COMMON         0x20000020       0xcc build/main.o
                0x20000020                hdac
                0x20000034                hspi1
                0x2000008c                hadc
 COMMON         0x200000ec        0x4 build/stm32l0xx_hal.o
                0x200000ec                uwTick
                0x200000f0                . = ALIGN (0x4)
                0x200000f0                _ebss = .
                0x200000f0                __bss_end__ = _ebss

._user_heap_stack
                0x200000f0      0x600 load address 0x08001950
                0x200000f0                . = ALIGN (0x8)
                0x200000f0                PROVIDE (end, .)
                0x200000f0                PROVIDE (_end, .)
                0x200002f0                . = (. + _Min_Heap_Size)
 *fill*         0x200000f0      0x200 
                0x200006f0                . = (. + _Min_Stack_Size)
 *fill*         0x200002f0      0x400 
                0x200006f0                . = ALIGN (0x8)

/DISCARD/
 libc.a(*)
 libm.a(*)
 libgcc.a(*)

.ARM.attributes
                0x00000000       0x28
 *(.ARM.attributes)
 .ARM.attributes
                0x00000000       0x1e /home/niklas/Downloads/gcc-arm-none-eabi-4_8-2014q3/bin/../lib/gcc/arm-none-eabi/4.8.4/armv6-m/crti.o
 .ARM.attributes
                0x0000001e       0x2c /home/niklas/Downloads/gcc-arm-none-eabi-4_8-2014q3/bin/../lib/gcc/arm-none-eabi/4.8.4/armv6-m/crtbegin.o
 .ARM.attributes
                0x0000004a       0x32 build/system_stm32l0xx.o
 .ARM.attributes
                0x0000007c       0x32 build/main.o
 .ARM.attributes
                0x000000ae       0x32 build/stm32l0xx_hal_cortex.o
 .ARM.attributes
                0x000000e0       0x32 build/stm32l0xx_hal_gpio.o
 .ARM.attributes
                0x00000112       0x32 build/stm32l0xx_hal_dac_ex.o
 .ARM.attributes
                0x00000144       0x32 build/stm32l0xx_hal.o
 .ARM.attributes
                0x00000176       0x32 build/stm32l0xx_hal_dac.o
 .ARM.attributes
                0x000001a8       0x32 build/stm32l0xx_hal_adc.o
 .ARM.attributes
                0x000001da       0x32 build/stm32l0xx_it.o
 .ARM.attributes
                0x0000020c       0x32 build/stm32l0xx_hal_msp.o
 .ARM.attributes
                0x0000023e       0x32 build/stm32l0xx_hal_spi.o
 .ARM.attributes
                0x00000270       0x32 build/stm32l0xx_hal_rcc.o
 .ARM.attributes
                0x000002a2       0x22 build/startup_stm32l072xx.o
 .ARM.attributes
                0x000002c4       0x2c /home/niklas/Downloads/gcc-arm-none-eabi-4_8-2014q3/bin/../lib/gcc/arm-none-eabi/4.8.4/../../../../arm-none-eabi/lib/armv6-m/libc_s.a(lib_a-init.o)
 .ARM.attributes
                0x000002f0       0x1e /home/niklas/Downloads/gcc-arm-none-eabi-4_8-2014q3/bin/../lib/gcc/arm-none-eabi/4.8.4/armv6-m/libgcc.a(_udivsi3.o)
 .ARM.attributes
                0x0000030e       0x1e /home/niklas/Downloads/gcc-arm-none-eabi-4_8-2014q3/bin/../lib/gcc/arm-none-eabi/4.8.4/armv6-m/libgcc.a(_dvmd_tls.o)
 .ARM.attributes
                0x0000032c       0x1e /home/niklas/Downloads/gcc-arm-none-eabi-4_8-2014q3/bin/../lib/gcc/arm-none-eabi/4.8.4/armv6-m/crtn.o
OUTPUT(build/implant.elf elf32-littlearm)

.debug_info     0x00000000     0x8ce4
 .debug_info    0x00000000      0x3b8 build/system_stm32l0xx.o
 .debug_info    0x000003b8     0x1953 build/main.o
 .debug_info    0x00001d0b      0x939 build/stm32l0xx_hal_cortex.o
 .debug_info    0x00002644      0x6a6 build/stm32l0xx_hal_gpio.o
 .debug_info    0x00002cea      0xac8 build/stm32l0xx_hal_dac_ex.o
 .debug_info    0x000037b2      0x868 build/stm32l0xx_hal.o
 .debug_info    0x0000401a      0x897 build/stm32l0xx_hal_dac.o
 .debug_info    0x000048b1      0xf81 build/stm32l0xx_hal_adc.o
 .debug_info    0x00005832      0x115 build/stm32l0xx_it.o
 .debug_info    0x00005947     0x101f build/stm32l0xx_hal_msp.o
 .debug_info    0x00006966     0x167d build/stm32l0xx_hal_spi.o
 .debug_info    0x00007fe3      0xc9a build/stm32l0xx_hal_rcc.o
 .debug_info    0x00008c7d       0x67 build/startup_stm32l072xx.o

.debug_abbrev   0x00000000     0x1709
 .debug_abbrev  0x00000000       0xf2 build/system_stm32l0xx.o
 .debug_abbrev  0x000000f2      0x24d build/main.o
 .debug_abbrev  0x0000033f      0x23f build/stm32l0xx_hal_cortex.o
 .debug_abbrev  0x0000057e      0x1fe build/stm32l0xx_hal_gpio.o
 .debug_abbrev  0x0000077c      0x259 build/stm32l0xx_hal_dac_ex.o
 .debug_abbrev  0x000009d5      0x233 build/stm32l0xx_hal.o
 .debug_abbrev  0x00000c08      0x1a7 build/stm32l0xx_hal_dac.o
 .debug_abbrev  0x00000daf      0x261 build/stm32l0xx_hal_adc.o
 .debug_abbrev  0x00001010       0x7a build/stm32l0xx_it.o
 .debug_abbrev  0x0000108a      0x17a build/stm32l0xx_hal_msp.o
 .debug_abbrev  0x00001204      0x276 build/stm32l0xx_hal_spi.o
 .debug_abbrev  0x0000147a      0x27d build/stm32l0xx_hal_rcc.o
 .debug_abbrev  0x000016f7       0x12 build/startup_stm32l072xx.o

.debug_loc      0x00000000     0x43d6
 .debug_loc     0x00000000      0x179 build/system_stm32l0xx.o
 .debug_loc     0x00000179      0x14c build/main.o
 .debug_loc     0x000002c5      0x309 build/stm32l0xx_hal_cortex.o
 .debug_loc     0x000005ce      0x454 build/stm32l0xx_hal_gpio.o
 .debug_loc     0x00000a22      0xa37 build/stm32l0xx_hal_dac_ex.o
 .debug_loc     0x00001459      0x138 build/stm32l0xx_hal.o
 .debug_loc     0x00001591      0x301 build/stm32l0xx_hal_dac.o
 .debug_loc     0x00001892      0xdce build/stm32l0xx_hal_adc.o
 .debug_loc     0x00002660       0x20 build/stm32l0xx_it.o
 .debug_loc     0x00002680      0x1ca build/stm32l0xx_hal_msp.o
 .debug_loc     0x0000284a     0x12dd build/stm32l0xx_hal_spi.o
 .debug_loc     0x00003b27      0x8af build/stm32l0xx_hal_rcc.o

.debug_aranges  0x00000000      0x720
 .debug_aranges
                0x00000000       0x28 build/system_stm32l0xx.o
 .debug_aranges
                0x00000028       0x50 build/main.o
 .debug_aranges
                0x00000078       0x80 build/stm32l0xx_hal_cortex.o
 .debug_aranges
                0x000000f8       0x58 build/stm32l0xx_hal_gpio.o
 .debug_aranges
                0x00000150       0xb8 build/stm32l0xx_hal_dac_ex.o
 .debug_aranges
                0x00000208       0xe0 build/stm32l0xx_hal.o
 .debug_aranges
                0x000002e8       0xa8 build/stm32l0xx_hal_dac.o
 .debug_aranges
                0x00000390      0x100 build/stm32l0xx_hal_adc.o
 .debug_aranges
                0x00000490       0x40 build/stm32l0xx_it.o
 .debug_aranges
                0x000004d0       0x50 build/stm32l0xx_hal_msp.o
 .debug_aranges
                0x00000520      0x150 build/stm32l0xx_hal_spi.o
 .debug_aranges
                0x00000670       0x88 build/stm32l0xx_hal_rcc.o
 .debug_aranges
                0x000006f8       0x28 build/startup_stm32l072xx.o

.debug_ranges   0x00000000      0x670
 .debug_ranges  0x00000000       0x18 build/system_stm32l0xx.o
 .debug_ranges  0x00000018       0x40 build/main.o
 .debug_ranges  0x00000058       0x70 build/stm32l0xx_hal_cortex.o
 .debug_ranges  0x000000c8       0x48 build/stm32l0xx_hal_gpio.o
 .debug_ranges  0x00000110       0xa8 build/stm32l0xx_hal_dac_ex.o
 .debug_ranges  0x000001b8       0xd0 build/stm32l0xx_hal.o
 .debug_ranges  0x00000288       0x98 build/stm32l0xx_hal_dac.o
 .debug_ranges  0x00000320       0xf0 build/stm32l0xx_hal_adc.o
 .debug_ranges  0x00000410       0x30 build/stm32l0xx_it.o
 .debug_ranges  0x00000440       0x40 build/stm32l0xx_hal_msp.o
 .debug_ranges  0x00000480      0x140 build/stm32l0xx_hal_spi.o
 .debug_ranges  0x000005c0       0x90 build/stm32l0xx_hal_rcc.o
 .debug_ranges  0x00000650       0x20 build/startup_stm32l072xx.o

.debug_line     0x00000000     0x3094
 .debug_line    0x00000000      0x195 build/system_stm32l0xx.o
 .debug_line    0x00000195      0x32c build/main.o
 .debug_line    0x000004c1      0x33f build/stm32l0xx_hal_cortex.o
 .debug_line    0x00000800      0x2f3 build/stm32l0xx_hal_gpio.o
 .debug_line    0x00000af3      0x403 build/stm32l0xx_hal_dac_ex.o
 .debug_line    0x00000ef6      0x3aa build/stm32l0xx_hal.o
 .debug_line    0x000012a0      0x34e build/stm32l0xx_hal_dac.o
 .debug_line    0x000015ee      0x71c build/stm32l0xx_hal_adc.o
 .debug_line    0x00001d0a       0xd6 build/stm32l0xx_it.o
 .debug_line    0x00001de0      0x2a2 build/stm32l0xx_hal_msp.o
 .debug_line    0x00002082      0xa18 build/stm32l0xx_hal_spi.o
 .debug_line    0x00002a9a      0x582 build/stm32l0xx_hal_rcc.o
 .debug_line    0x0000301c       0x78 build/startup_stm32l072xx.o

.debug_str      0x00000000     0x20f2
 .debug_str     0x00000000      0x288 build/system_stm32l0xx.o
                                0x2d7 (size before relaxing)
 .debug_str     0x00000288      0xc28 build/main.o
                                0xea3 (size before relaxing)
 .debug_str     0x00000eb0      0x264 build/stm32l0xx_hal_cortex.o
                                0x6e8 (size before relaxing)
 .debug_str     0x00001114      0x11e build/stm32l0xx_hal_gpio.o
                                0x43b (size before relaxing)
 .debug_str     0x00001232      0x2a2 build/stm32l0xx_hal_dac_ex.o
                                0x776 (size before relaxing)
 .debug_str     0x000014d4      0x2de build/stm32l0xx_hal.o
                                0x788 (size before relaxing)
 .debug_str     0x000017b2       0xa5 build/stm32l0xx_hal_dac.o
                                0x692 (size before relaxing)
 .debug_str     0x00001857      0x2ff build/stm32l0xx_hal_adc.o
                                0x930 (size before relaxing)
 .debug_str     0x00001b56       0x5c build/stm32l0xx_it.o
                                0x1d8 (size before relaxing)
 .debug_str     0x00001bb2       0x3f build/stm32l0xx_hal_msp.o
                                0xba6 (size before relaxing)
 .debug_str     0x00001bf1      0x366 build/stm32l0xx_hal_spi.o
                                0x96d (size before relaxing)
 .debug_str     0x00001f57      0x19b build/stm32l0xx_hal_rcc.o
                                0x6e5 (size before relaxing)

.comment        0x00000000       0x70
 .comment       0x00000000       0x70 build/system_stm32l0xx.o
                                 0x71 (size before relaxing)
 .comment       0x00000000       0x71 build/main.o
 .comment       0x00000000       0x71 build/stm32l0xx_hal_cortex.o
 .comment       0x00000000       0x71 build/stm32l0xx_hal_gpio.o
 .comment       0x00000000       0x71 build/stm32l0xx_hal_dac_ex.o
 .comment       0x00000000       0x71 build/stm32l0xx_hal.o
 .comment       0x00000000       0x71 build/stm32l0xx_hal_dac.o
 .comment       0x00000000       0x71 build/stm32l0xx_hal_adc.o
 .comment       0x00000000       0x71 build/stm32l0xx_it.o
 .comment       0x00000000       0x71 build/stm32l0xx_hal_msp.o
 .comment       0x00000000       0x71 build/stm32l0xx_hal_spi.o
 .comment       0x00000000       0x71 build/stm32l0xx_hal_rcc.o

.debug_frame    0x00000000     0x1280
 .debug_frame   0x00000000       0x3c build/system_stm32l0xx.o
 .debug_frame   0x0000003c       0xec build/main.o
 .debug_frame   0x00000128       0xfc build/stm32l0xx_hal_cortex.o
 .debug_frame   0x00000224       0xe8 build/stm32l0xx_hal_gpio.o
 .debug_frame   0x0000030c      0x200 build/stm32l0xx_hal_dac_ex.o
 .debug_frame   0x0000050c      0x1d0 build/stm32l0xx_hal.o
 .debug_frame   0x000006dc      0x164 build/stm32l0xx_hal_dac.o
 .debug_frame   0x00000840      0x310 build/stm32l0xx_hal_adc.o
 .debug_frame   0x00000b50       0x6c build/stm32l0xx_it.o
 .debug_frame   0x00000bbc       0xe0 build/stm32l0xx_hal_msp.o
 .debug_frame   0x00000c9c      0x40c build/stm32l0xx_hal_spi.o
 .debug_frame   0x000010a8      0x18c build/stm32l0xx_hal_rcc.o
 .debug_frame   0x00001234       0x2c /home/niklas/Downloads/gcc-arm-none-eabi-4_8-2014q3/bin/../lib/gcc/arm-none-eabi/4.8.4/../../../../arm-none-eabi/lib/armv6-m/libc_s.a(lib_a-init.o)
 .debug_frame   0x00001260       0x20 /home/niklas/Downloads/gcc-arm-none-eabi-4_8-2014q3/bin/../lib/gcc/arm-none-eabi/4.8.4/armv6-m/libgcc.a(_udivsi3.o)

Cross Reference Table

Symbol                                            File
ADC1_COMP_IRQHandler                              build/startup_stm32l072xx.o
AHBPrescTable                                     build/system_stm32l0xx.o
                                                  build/stm32l0xx_hal_rcc.o
APBPrescTable                                     build/system_stm32l0xx.o
                                                  build/stm32l0xx_hal_rcc.o
DMA1_Channel1_IRQHandler                          build/startup_stm32l072xx.o
DMA1_Channel2_3_IRQHandler                        build/startup_stm32l072xx.o
DMA1_Channel4_5_6_7_IRQHandler                    build/startup_stm32l072xx.o
Default_Handler                                   build/startup_stm32l072xx.o
EXTI0_1_IRQHandler                                build/startup_stm32l072xx.o
EXTI2_3_IRQHandler                                build/startup_stm32l072xx.o
EXTI4_15_IRQHandler                               build/startup_stm32l072xx.o
FLASH_IRQHandler                                  build/startup_stm32l072xx.o
FLASH_PageErase                                   build/stm32l0xx_hal_flash_ex.o
                                                  build/stm32l0xx_hal_flash.o
FLASH_WaitForLastOperation                        build/stm32l0xx_hal_flash.o
                                                  build/stm32l0xx_hal_flash_ex.o
HAL_ADCEx_Calibration_GetValue                    build/stm32l0xx_hal_adc_ex.o
HAL_ADCEx_Calibration_SetValue                    build/stm32l0xx_hal_adc_ex.o
HAL_ADCEx_Calibration_Start                       build/stm32l0xx_hal_adc_ex.o
HAL_ADCEx_DisableVREFINT                          build/stm32l0xx_hal_adc_ex.o
HAL_ADCEx_DisableVREFINTTempSensor                build/stm32l0xx_hal_adc_ex.o
HAL_ADCEx_EnableVREFINT                           build/stm32l0xx_hal_adc_ex.o
HAL_ADCEx_EnableVREFINTTempSensor                 build/stm32l0xx_hal_adc_ex.o
HAL_ADC_AnalogWDGConfig                           build/stm32l0xx_hal_adc.o
HAL_ADC_ConfigChannel                             build/stm32l0xx_hal_adc.o
                                                  build/main.o
HAL_ADC_ConvCpltCallback                          build/stm32l0xx_hal_adc.o
HAL_ADC_ConvHalfCpltCallback                      build/stm32l0xx_hal_adc.o
HAL_ADC_DeInit                                    build/stm32l0xx_hal_adc.o
HAL_ADC_ErrorCallback                             build/stm32l0xx_hal_adc.o
HAL_ADC_GetError                                  build/stm32l0xx_hal_adc.o
HAL_ADC_GetState                                  build/stm32l0xx_hal_adc.o
HAL_ADC_GetValue                                  build/stm32l0xx_hal_adc.o
HAL_ADC_IRQHandler                                build/stm32l0xx_hal_adc.o
HAL_ADC_Init                                      build/stm32l0xx_hal_adc.o
                                                  build/main.o
HAL_ADC_LevelOutOfWindowCallback                  build/stm32l0xx_hal_adc.o
HAL_ADC_MspDeInit                                 build/stm32l0xx_hal_msp.o
                                                  build/stm32l0xx_hal_adc.o
HAL_ADC_MspInit                                   build/stm32l0xx_hal_msp.o
                                                  build/stm32l0xx_hal_adc.o
HAL_ADC_PollForConversion                         build/stm32l0xx_hal_adc.o
HAL_ADC_PollForEvent                              build/stm32l0xx_hal_adc.o
HAL_ADC_Start                                     build/stm32l0xx_hal_adc.o
HAL_ADC_Start_DMA                                 build/stm32l0xx_hal_adc.o
HAL_ADC_Start_IT                                  build/stm32l0xx_hal_adc.o
HAL_ADC_Stop                                      build/stm32l0xx_hal_adc.o
HAL_ADC_Stop_DMA                                  build/stm32l0xx_hal_adc.o
HAL_ADC_Stop_IT                                   build/stm32l0xx_hal_adc.o
HAL_DACEx_ConvCpltCallbackCh2                     build/stm32l0xx_hal_dac_ex.o
HAL_DACEx_ConvHalfCpltCallbackCh2                 build/stm32l0xx_hal_dac_ex.o
HAL_DACEx_DMAUnderrunCallbackCh2                  build/stm32l0xx_hal_dac_ex.o
HAL_DACEx_DualGetValue                            build/stm32l0xx_hal_dac_ex.o
HAL_DACEx_DualSetValue                            build/stm32l0xx_hal_dac_ex.o
HAL_DACEx_ErrorCallbackCh2                        build/stm32l0xx_hal_dac_ex.o
HAL_DACEx_NoiseWaveGenerate                       build/stm32l0xx_hal_dac_ex.o
HAL_DACEx_TriangleWaveGenerate                    build/stm32l0xx_hal_dac_ex.o
HAL_DAC_ConfigChannel                             build/stm32l0xx_hal_dac.o
                                                  build/main.o
HAL_DAC_ConvCpltCallbackCh1                       build/stm32l0xx_hal_dac.o
                                                  build/stm32l0xx_hal_dac_ex.o
HAL_DAC_ConvHalfCpltCallbackCh1                   build/stm32l0xx_hal_dac.o
                                                  build/stm32l0xx_hal_dac_ex.o
HAL_DAC_DMAUnderrunCallbackCh1                    build/stm32l0xx_hal_dac.o
                                                  build/stm32l0xx_hal_dac_ex.o
HAL_DAC_DeInit                                    build/stm32l0xx_hal_dac.o
HAL_DAC_ErrorCallbackCh1                          build/stm32l0xx_hal_dac.o
                                                  build/stm32l0xx_hal_dac_ex.o
HAL_DAC_GetError                                  build/stm32l0xx_hal_dac.o
HAL_DAC_GetState                                  build/stm32l0xx_hal_dac.o
HAL_DAC_GetValue                                  build/stm32l0xx_hal_dac_ex.o
HAL_DAC_IRQHandler                                build/stm32l0xx_hal_dac_ex.o
HAL_DAC_Init                                      build/stm32l0xx_hal_dac.o
                                                  build/main.o
HAL_DAC_MspDeInit                                 build/stm32l0xx_hal_msp.o
                                                  build/stm32l0xx_hal_dac.o
HAL_DAC_MspInit                                   build/stm32l0xx_hal_msp.o
                                                  build/stm32l0xx_hal_dac.o
HAL_DAC_SetValue                                  build/stm32l0xx_hal_dac_ex.o
                                                  build/main.o
HAL_DAC_Start                                     build/stm32l0xx_hal_dac_ex.o
                                                  build/main.o
HAL_DAC_Start_DMA                                 build/stm32l0xx_hal_dac_ex.o
HAL_DAC_Stop                                      build/stm32l0xx_hal_dac.o
HAL_DAC_Stop_DMA                                  build/stm32l0xx_hal_dac_ex.o
HAL_DBGMCU_DBG_DisableLowPowerConfig              build/stm32l0xx_hal.o
HAL_DBGMCU_DBG_EnableLowPowerConfig               build/stm32l0xx_hal.o
HAL_DBGMCU_DisableDBGSleepMode                    build/stm32l0xx_hal.o
HAL_DBGMCU_DisableDBGStandbyMode                  build/stm32l0xx_hal.o
HAL_DBGMCU_DisableDBGStopMode                     build/stm32l0xx_hal.o
HAL_DBGMCU_EnableDBGSleepMode                     build/stm32l0xx_hal.o
HAL_DBGMCU_EnableDBGStandbyMode                   build/stm32l0xx_hal.o
HAL_DBGMCU_EnableDBGStopMode                      build/stm32l0xx_hal.o
HAL_DMA_Abort                                     build/stm32l0xx_hal_dma.o
                                                  build/stm32l0xx_hal_spi.o
                                                  build/stm32l0xx_hal_adc.o
                                                  build/stm32l0xx_hal_dac_ex.o
HAL_DMA_Abort_IT                                  build/stm32l0xx_hal_dma.o
                                                  build/stm32l0xx_hal_i2c.o
HAL_DMA_DeInit                                    build/stm32l0xx_hal_dma.o
HAL_DMA_GetError                                  build/stm32l0xx_hal_dma.o
HAL_DMA_GetState                                  build/stm32l0xx_hal_dma.o
HAL_DMA_IRQHandler                                build/stm32l0xx_hal_dma.o
HAL_DMA_Init                                      build/stm32l0xx_hal_dma.o
HAL_DMA_PollForTransfer                           build/stm32l0xx_hal_dma.o
HAL_DMA_Start                                     build/stm32l0xx_hal_dma.o
HAL_DMA_Start_IT                                  build/stm32l0xx_hal_dma.o
                                                  build/stm32l0xx_hal_spi.o
                                                  build/stm32l0xx_hal_adc.o
                                                  build/stm32l0xx_hal_dac_ex.o
                                                  build/stm32l0xx_hal_i2c.o
HAL_DeInit                                        build/stm32l0xx_hal.o
HAL_Delay                                         build/stm32l0xx_hal.o
                                                  build/main.o
HAL_FLASHEx_AdvOBGetConfig                        build/stm32l0xx_hal_flash_ex.o
HAL_FLASHEx_AdvOBProgram                          build/stm32l0xx_hal_flash_ex.o
HAL_FLASHEx_DATAEEPROM_DisableFixedTimeProgram    build/stm32l0xx_hal_flash_ex.o
HAL_FLASHEx_DATAEEPROM_EnableFixedTimeProgram     build/stm32l0xx_hal_flash_ex.o
HAL_FLASHEx_DATAEEPROM_Erase                      build/stm32l0xx_hal_flash_ex.o
HAL_FLASHEx_DATAEEPROM_Lock                       build/stm32l0xx_hal_flash_ex.o
HAL_FLASHEx_DATAEEPROM_Program                    build/stm32l0xx_hal_flash_ex.o
HAL_FLASHEx_DATAEEPROM_Unlock                     build/stm32l0xx_hal_flash_ex.o
HAL_FLASHEx_DisableRunPowerDown                   build/stm32l0xx_hal_flash_ramfunc.o
HAL_FLASHEx_EnableRunPowerDown                    build/stm32l0xx_hal_flash_ramfunc.o
HAL_FLASHEx_Erase                                 build/stm32l0xx_hal_flash_ex.o
HAL_FLASHEx_EraseParallelPage                     build/stm32l0xx_hal_flash_ramfunc.o
HAL_FLASHEx_Erase_IT                              build/stm32l0xx_hal_flash_ex.o
HAL_FLASHEx_GetError                              build/stm32l0xx_hal_flash_ramfunc.o
HAL_FLASHEx_HalfPageProgram                       build/stm32l0xx_hal_flash_ramfunc.o
HAL_FLASHEx_OBGetConfig                           build/stm32l0xx_hal_flash_ex.o
HAL_FLASHEx_OBProgram                             build/stm32l0xx_hal_flash_ex.o
HAL_FLASHEx_OB_DeSelectPCROP                      build/stm32l0xx_hal_flash_ex.o
HAL_FLASHEx_OB_SelectPCROP                        build/stm32l0xx_hal_flash_ex.o
HAL_FLASHEx_ProgramParallelHalfPage               build/stm32l0xx_hal_flash_ramfunc.o
HAL_FLASH_EndOfOperationCallback                  build/stm32l0xx_hal_flash.o
HAL_FLASH_GetError                                build/stm32l0xx_hal_flash.o
HAL_FLASH_IRQHandler                              build/stm32l0xx_hal_flash.o
HAL_FLASH_Lock                                    build/stm32l0xx_hal_flash.o
HAL_FLASH_OB_Launch                               build/stm32l0xx_hal_flash.o
HAL_FLASH_OB_Lock                                 build/stm32l0xx_hal_flash.o
HAL_FLASH_OB_Unlock                               build/stm32l0xx_hal_flash.o
HAL_FLASH_OperationErrorCallback                  build/stm32l0xx_hal_flash.o
HAL_FLASH_Program                                 build/stm32l0xx_hal_flash.o
HAL_FLASH_Program_IT                              build/stm32l0xx_hal_flash.o
HAL_FLASH_Unlock                                  build/stm32l0xx_hal_flash.o
HAL_GPIO_DeInit                                   build/stm32l0xx_hal_gpio.o
                                                  build/stm32l0xx_hal_msp.o
HAL_GPIO_EXTI_Callback                            build/stm32l0xx_hal_gpio.o
HAL_GPIO_EXTI_IRQHandler                          build/stm32l0xx_hal_gpio.o
HAL_GPIO_Init                                     build/stm32l0xx_hal_gpio.o
                                                  build/stm32l0xx_hal_rcc.o
                                                  build/stm32l0xx_hal_msp.o
                                                  build/main.o
HAL_GPIO_LockPin                                  build/stm32l0xx_hal_gpio.o
HAL_GPIO_ReadPin                                  build/stm32l0xx_hal_gpio.o
HAL_GPIO_TogglePin                                build/stm32l0xx_hal_gpio.o
HAL_GPIO_WritePin                                 build/stm32l0xx_hal_gpio.o
                                                  build/main.o
HAL_GetDEVID                                      build/stm32l0xx_hal.o
HAL_GetHalVersion                                 build/stm32l0xx_hal.o
HAL_GetREVID                                      build/stm32l0xx_hal.o
HAL_GetTick                                       build/stm32l0xx_hal.o
                                                  build/stm32l0xx_hal_rcc.o
                                                  build/stm32l0xx_hal_spi.o
                                                  build/stm32l0xx_hal_rcc_ex.o
                                                  build/stm32l0xx_hal_flash.o
                                                  build/stm32l0xx_hal_adc_ex.o
                                                  build/stm32l0xx_hal_adc.o
                                                  build/stm32l0xx_hal_dma.o
                                                  build/stm32l0xx_hal_i2c.o
HAL_I2CEx_ConfigAnalogFilter                      build/stm32l0xx_hal_i2c_ex.o
HAL_I2CEx_ConfigDigitalFilter                     build/stm32l0xx_hal_i2c_ex.o
HAL_I2CEx_DisableFastModePlus                     build/stm32l0xx_hal_i2c_ex.o
HAL_I2CEx_DisableWakeUp                           build/stm32l0xx_hal_i2c_ex.o
HAL_I2CEx_EnableFastModePlus                      build/stm32l0xx_hal_i2c_ex.o
HAL_I2CEx_EnableWakeUp                            build/stm32l0xx_hal_i2c_ex.o
HAL_I2C_AbortCpltCallback                         build/stm32l0xx_hal_i2c.o
HAL_I2C_AddrCallback                              build/stm32l0xx_hal_i2c.o
HAL_I2C_DeInit                                    build/stm32l0xx_hal_i2c.o
HAL_I2C_DisableListen_IT                          build/stm32l0xx_hal_i2c.o
HAL_I2C_ER_IRQHandler                             build/stm32l0xx_hal_i2c.o
HAL_I2C_EV_IRQHandler                             build/stm32l0xx_hal_i2c.o
HAL_I2C_EnableListen_IT                           build/stm32l0xx_hal_i2c.o
HAL_I2C_ErrorCallback                             build/stm32l0xx_hal_i2c.o
HAL_I2C_GetError                                  build/stm32l0xx_hal_i2c.o
HAL_I2C_GetMode                                   build/stm32l0xx_hal_i2c.o
HAL_I2C_GetState                                  build/stm32l0xx_hal_i2c.o
HAL_I2C_Init                                      build/stm32l0xx_hal_i2c.o
HAL_I2C_IsDeviceReady                             build/stm32l0xx_hal_i2c.o
HAL_I2C_ListenCpltCallback                        build/stm32l0xx_hal_i2c.o
HAL_I2C_MasterRxCpltCallback                      build/stm32l0xx_hal_i2c.o
HAL_I2C_MasterTxCpltCallback                      build/stm32l0xx_hal_i2c.o
HAL_I2C_Master_Abort_IT                           build/stm32l0xx_hal_i2c.o
HAL_I2C_Master_Receive                            build/stm32l0xx_hal_i2c.o
HAL_I2C_Master_Receive_DMA                        build/stm32l0xx_hal_i2c.o
HAL_I2C_Master_Receive_IT                         build/stm32l0xx_hal_i2c.o
HAL_I2C_Master_Sequential_Receive_IT              build/stm32l0xx_hal_i2c.o
HAL_I2C_Master_Sequential_Transmit_IT             build/stm32l0xx_hal_i2c.o
HAL_I2C_Master_Transmit                           build/stm32l0xx_hal_i2c.o
HAL_I2C_Master_Transmit_DMA                       build/stm32l0xx_hal_i2c.o
HAL_I2C_Master_Transmit_IT                        build/stm32l0xx_hal_i2c.o
HAL_I2C_MemRxCpltCallback                         build/stm32l0xx_hal_i2c.o
HAL_I2C_MemTxCpltCallback                         build/stm32l0xx_hal_i2c.o
HAL_I2C_Mem_Read                                  build/stm32l0xx_hal_i2c.o
HAL_I2C_Mem_Read_DMA                              build/stm32l0xx_hal_i2c.o
HAL_I2C_Mem_Read_IT                               build/stm32l0xx_hal_i2c.o
HAL_I2C_Mem_Write                                 build/stm32l0xx_hal_i2c.o
HAL_I2C_Mem_Write_DMA                             build/stm32l0xx_hal_i2c.o
HAL_I2C_Mem_Write_IT                              build/stm32l0xx_hal_i2c.o
HAL_I2C_MspDeInit                                 build/stm32l0xx_hal_i2c.o
HAL_I2C_MspInit                                   build/stm32l0xx_hal_i2c.o
HAL_I2C_SlaveRxCpltCallback                       build/stm32l0xx_hal_i2c.o
HAL_I2C_SlaveTxCpltCallback                       build/stm32l0xx_hal_i2c.o
HAL_I2C_Slave_Receive                             build/stm32l0xx_hal_i2c.o
HAL_I2C_Slave_Receive_DMA                         build/stm32l0xx_hal_i2c.o
HAL_I2C_Slave_Receive_IT                          build/stm32l0xx_hal_i2c.o
HAL_I2C_Slave_Sequential_Receive_IT               build/stm32l0xx_hal_i2c.o
HAL_I2C_Slave_Sequential_Transmit_IT              build/stm32l0xx_hal_i2c.o
HAL_I2C_Slave_Transmit                            build/stm32l0xx_hal_i2c.o
HAL_I2C_Slave_Transmit_DMA                        build/stm32l0xx_hal_i2c.o
HAL_I2C_Slave_Transmit_IT                         build/stm32l0xx_hal_i2c.o
HAL_IncTick                                       build/stm32l0xx_hal.o
                                                  build/stm32l0xx_it.o
HAL_Init                                          build/stm32l0xx_hal.o
                                                  build/main.o
HAL_InitTick                                      build/stm32l0xx_hal.o
                                                  build/stm32l0xx_hal_rcc.o
HAL_MPU_ConfigRegion                              build/stm32l0xx_hal_cortex.o
HAL_MspDeInit                                     build/stm32l0xx_hal.o
HAL_MspInit                                       build/stm32l0xx_hal_msp.o
                                                  build/stm32l0xx_hal.o
HAL_NVIC_ClearPendingIRQ                          build/stm32l0xx_hal_cortex.o
HAL_NVIC_DisableIRQ                               build/stm32l0xx_hal_cortex.o
HAL_NVIC_EnableIRQ                                build/stm32l0xx_hal_cortex.o
HAL_NVIC_GetPendingIRQ                            build/stm32l0xx_hal_cortex.o
HAL_NVIC_GetPriority                              build/stm32l0xx_hal_cortex.o
HAL_NVIC_SetPendingIRQ                            build/stm32l0xx_hal_cortex.o
HAL_NVIC_SetPriority                              build/stm32l0xx_hal_cortex.o
                                                  build/stm32l0xx_hal_msp.o
                                                  build/stm32l0xx_hal.o
                                                  build/main.o
HAL_NVIC_SystemReset                              build/stm32l0xx_hal_cortex.o
HAL_PWREx_DisableFastWakeUp                       build/stm32l0xx_hal_pwr_ex.o
HAL_PWREx_DisableLowPowerRunMode                  build/stm32l0xx_hal_pwr_ex.o
HAL_PWREx_DisableUltraLowPower                    build/stm32l0xx_hal_pwr_ex.o
HAL_PWREx_EnableFastWakeUp                        build/stm32l0xx_hal_pwr_ex.o
HAL_PWREx_EnableLowPowerRunMode                   build/stm32l0xx_hal_pwr_ex.o
HAL_PWREx_EnableUltraLowPower                     build/stm32l0xx_hal_pwr_ex.o
HAL_PWREx_GetVoltageRange                         build/stm32l0xx_hal_pwr_ex.o
HAL_PWR_ConfigPVD                                 build/stm32l0xx_hal_pwr.o
HAL_PWR_DeInit                                    build/stm32l0xx_hal_pwr.o
HAL_PWR_DisableBkUpAccess                         build/stm32l0xx_hal_pwr.o
HAL_PWR_DisablePVD                                build/stm32l0xx_hal_pwr.o
HAL_PWR_DisableSEVOnPend                          build/stm32l0xx_hal_pwr.o
HAL_PWR_DisableSleepOnExit                        build/stm32l0xx_hal_pwr.o
HAL_PWR_DisableWakeUpPin                          build/stm32l0xx_hal_pwr.o
HAL_PWR_EnableBkUpAccess                          build/stm32l0xx_hal_pwr.o
HAL_PWR_EnablePVD                                 build/stm32l0xx_hal_pwr.o
HAL_PWR_EnableSEVOnPend                           build/stm32l0xx_hal_pwr.o
HAL_PWR_EnableSleepOnExit                         build/stm32l0xx_hal_pwr.o
HAL_PWR_EnableWakeUpPin                           build/stm32l0xx_hal_pwr.o
HAL_PWR_EnterSLEEPMode                            build/stm32l0xx_hal_pwr.o
HAL_PWR_EnterSTANDBYMode                          build/stm32l0xx_hal_pwr.o
HAL_PWR_EnterSTOPMode                             build/stm32l0xx_hal_pwr.o
HAL_PWR_PVDCallback                               build/stm32l0xx_hal_pwr.o
HAL_PWR_PVD_IRQHandler                            build/stm32l0xx_hal_pwr.o
HAL_RCCEx_CRSConfig                               build/stm32l0xx_hal_rcc_ex.o
HAL_RCCEx_CRSGetSynchronizationInfo               build/stm32l0xx_hal_rcc_ex.o
HAL_RCCEx_CRSSoftwareSynchronizationGenerate      build/stm32l0xx_hal_rcc_ex.o
HAL_RCCEx_CRSWaitSynchronization                  build/stm32l0xx_hal_rcc_ex.o
HAL_RCCEx_CRS_ErrorCallback                       build/stm32l0xx_hal_rcc_ex.o
HAL_RCCEx_CRS_ExpectedSyncCallback                build/stm32l0xx_hal_rcc_ex.o
HAL_RCCEx_CRS_IRQHandler                          build/stm32l0xx_hal_rcc_ex.o
HAL_RCCEx_CRS_SyncOkCallback                      build/stm32l0xx_hal_rcc_ex.o
HAL_RCCEx_CRS_SyncWarnCallback                    build/stm32l0xx_hal_rcc_ex.o
HAL_RCCEx_DisableHSI48_VREFINT                    build/stm32l0xx_hal_rcc_ex.o
HAL_RCCEx_DisableLSECSS                           build/stm32l0xx_hal_rcc_ex.o
HAL_RCCEx_EnableHSI48_VREFINT                     build/stm32l0xx_hal_rcc_ex.o
HAL_RCCEx_EnableLSECSS                            build/stm32l0xx_hal_rcc_ex.o
HAL_RCCEx_EnableLSECSS_IT                         build/stm32l0xx_hal_rcc_ex.o
HAL_RCCEx_GetPeriphCLKConfig                      build/stm32l0xx_hal_rcc_ex.o
HAL_RCCEx_GetPeriphCLKFreq                        build/stm32l0xx_hal_rcc_ex.o
HAL_RCCEx_LSECSS_Callback                         build/stm32l0xx_hal_rcc_ex.o
HAL_RCCEx_LSECSS_IRQHandler                       build/stm32l0xx_hal_rcc_ex.o
HAL_RCCEx_PeriphCLKConfig                         build/stm32l0xx_hal_rcc_ex.o
HAL_RCC_CSSCallback                               build/stm32l0xx_hal_rcc.o
HAL_RCC_ClockConfig                               build/stm32l0xx_hal_rcc.o
                                                  build/main.o
HAL_RCC_DeInit                                    build/stm32l0xx_hal_rcc.o
HAL_RCC_EnableCSS                                 build/stm32l0xx_hal_rcc.o
HAL_RCC_GetClockConfig                            build/stm32l0xx_hal_rcc.o
HAL_RCC_GetHCLKFreq                               build/stm32l0xx_hal_rcc.o
                                                  build/main.o
HAL_RCC_GetOscConfig                              build/stm32l0xx_hal_rcc.o
HAL_RCC_GetPCLK1Freq                              build/stm32l0xx_hal_rcc.o
                                                  build/stm32l0xx_hal_rcc_ex.o
HAL_RCC_GetPCLK2Freq                              build/stm32l0xx_hal_rcc.o
                                                  build/stm32l0xx_hal_rcc_ex.o
HAL_RCC_GetSysClockFreq                           build/stm32l0xx_hal_rcc.o
                                                  build/stm32l0xx_hal_rcc_ex.o
HAL_RCC_MCOConfig                                 build/stm32l0xx_hal_rcc.o
HAL_RCC_NMI_IRQHandler                            build/stm32l0xx_hal_rcc.o
HAL_RCC_OscConfig                                 build/stm32l0xx_hal_rcc.o
                                                  build/main.o
HAL_ResumeTick                                    build/stm32l0xx_hal.o
HAL_SPI_DMAPause                                  build/stm32l0xx_hal_spi.o
HAL_SPI_DMAResume                                 build/stm32l0xx_hal_spi.o
HAL_SPI_DMAStop                                   build/stm32l0xx_hal_spi.o
HAL_SPI_DeInit                                    build/stm32l0xx_hal_spi.o
HAL_SPI_ErrorCallback                             build/stm32l0xx_hal_spi.o
HAL_SPI_GetError                                  build/stm32l0xx_hal_spi.o
HAL_SPI_GetState                                  build/stm32l0xx_hal_spi.o
HAL_SPI_IRQHandler                                build/stm32l0xx_hal_spi.o
HAL_SPI_Init                                      build/stm32l0xx_hal_spi.o
                                                  build/main.o
HAL_SPI_MspDeInit                                 build/stm32l0xx_hal_msp.o
HAL_SPI_MspInit                                   build/stm32l0xx_hal_msp.o
HAL_SPI_Receive                                   build/stm32l0xx_hal_spi.o
HAL_SPI_Receive_DMA                               build/stm32l0xx_hal_spi.o
HAL_SPI_Receive_IT                                build/stm32l0xx_hal_spi.o
HAL_SPI_RxCpltCallback                            build/stm32l0xx_hal_spi.o
HAL_SPI_RxHalfCpltCallback                        build/stm32l0xx_hal_spi.o
HAL_SPI_Transmit                                  build/stm32l0xx_hal_spi.o
HAL_SPI_TransmitReceive                           build/stm32l0xx_hal_spi.o
HAL_SPI_TransmitReceive_DMA                       build/stm32l0xx_hal_spi.o
HAL_SPI_TransmitReceive_IT                        build/stm32l0xx_hal_spi.o
HAL_SPI_Transmit_DMA                              build/stm32l0xx_hal_spi.o
HAL_SPI_Transmit_IT                               build/stm32l0xx_hal_spi.o
HAL_SPI_TxCpltCallback                            build/stm32l0xx_hal_spi.o
HAL_SPI_TxHalfCpltCallback                        build/stm32l0xx_hal_spi.o
HAL_SPI_TxRxCpltCallback                          build/stm32l0xx_hal_spi.o
HAL_SPI_TxRxHalfCpltCallback                      build/stm32l0xx_hal_spi.o
HAL_SYSCFG_Disable_Lock_VREFINT                   build/stm32l0xx_hal.o
HAL_SYSCFG_Enable_Lock_VREFINT                    build/stm32l0xx_hal.o
HAL_SYSCFG_GetBootMode                            build/stm32l0xx_hal.o
HAL_SYSCFG_VREFINT_OutputSelect                   build/stm32l0xx_hal.o
HAL_SYSTICK_CLKSourceConfig                       build/stm32l0xx_hal_cortex.o
                                                  build/main.o
HAL_SYSTICK_Callback                              build/stm32l0xx_hal_cortex.o
HAL_SYSTICK_Config                                build/stm32l0xx_hal_cortex.o
                                                  build/stm32l0xx_hal.o
                                                  build/main.o
HAL_SYSTICK_IRQHandler                            build/stm32l0xx_hal_cortex.o
                                                  build/stm32l0xx_it.o
HAL_SuspendTick                                   build/stm32l0xx_hal.o
HardFault_Handler                                 build/stm32l0xx_it.o
I2C1_IRQHandler                                   build/startup_stm32l072xx.o
I2C2_IRQHandler                                   build/startup_stm32l072xx.o
I2C3_IRQHandler                                   build/startup_stm32l072xx.o
LPTIM1_IRQHandler                                 build/startup_stm32l072xx.o
NMI_Handler                                       build/stm32l0xx_it.o
PLLMulTable                                       build/system_stm32l0xx.o
                                                  build/stm32l0xx_hal_rcc.o
                                                  build/stm32l0xx_hal_rcc_ex.o
PVD_IRQHandler                                    build/startup_stm32l072xx.o
PendSV_Handler                                    build/stm32l0xx_it.o
RCC_CRS_IRQHandler                                build/startup_stm32l072xx.o
RNG_LPUART1_IRQHandler                            build/startup_stm32l072xx.o
RTC_IRQHandler                                    build/startup_stm32l072xx.o
Reset_Handler                                     build/startup_stm32l072xx.o
SPI1_IRQHandler                                   build/startup_stm32l072xx.o
SPI2_IRQHandler                                   build/startup_stm32l072xx.o
SVC_Handler                                       build/stm32l0xx_it.o
SysTick_Handler                                   build/stm32l0xx_it.o
SystemClock_Config                                build/main.o
SystemCoreClock                                   build/system_stm32l0xx.o
                                                  build/stm32l0xx_hal_rcc.o
                                                  build/stm32l0xx_hal_adc.o
                                                  build/stm32l0xx_hal_pwr_ex.o
                                                  build/stm32l0xx_hal.o
SystemCoreClockUpdate                             build/system_stm32l0xx.o
SystemInit                                        build/system_stm32l0xx.o
                                                  build/startup_stm32l072xx.o
TIM21_IRQHandler                                  build/startup_stm32l072xx.o
TIM22_IRQHandler                                  build/startup_stm32l072xx.o
TIM2_IRQHandler                                   build/startup_stm32l072xx.o
TIM3_IRQHandler                                   build/startup_stm32l072xx.o
TIM6_DAC_IRQHandler                               build/startup_stm32l072xx.o
TIM7_IRQHandler                                   build/startup_stm32l072xx.o
TSC_IRQHandler                                    build/startup_stm32l072xx.o
USART1_IRQHandler                                 build/startup_stm32l072xx.o
USART2_IRQHandler                                 build/startup_stm32l072xx.o
USART4_5_IRQHandler                               build/startup_stm32l072xx.o
USB_IRQHandler                                    build/startup_stm32l072xx.o
WWDG_IRQHandler                                   build/startup_stm32l072xx.o
_Error_Handler                                    build/main.o
_Jv_RegisterClasses                               /home/niklas/Downloads/gcc-arm-none-eabi-4_8-2014q3/bin/../lib/gcc/arm-none-eabi/4.8.4/armv6-m/crtbegin.o
__aeabi_idiv0                                     /home/niklas/Downloads/gcc-arm-none-eabi-4_8-2014q3/bin/../lib/gcc/arm-none-eabi/4.8.4/armv6-m/libgcc.a(_dvmd_tls.o)
                                                  /home/niklas/Downloads/gcc-arm-none-eabi-4_8-2014q3/bin/../lib/gcc/arm-none-eabi/4.8.4/armv6-m/libgcc.a(_udivsi3.o)
__aeabi_ldiv0                                     /home/niklas/Downloads/gcc-arm-none-eabi-4_8-2014q3/bin/../lib/gcc/arm-none-eabi/4.8.4/armv6-m/libgcc.a(_dvmd_tls.o)
__aeabi_uidiv                                     /home/niklas/Downloads/gcc-arm-none-eabi-4_8-2014q3/bin/../lib/gcc/arm-none-eabi/4.8.4/armv6-m/libgcc.a(_udivsi3.o)
                                                  build/stm32l0xx_hal_rcc.o
                                                  build/stm32l0xx_hal_rcc_ex.o
                                                  build/stm32l0xx_hal_adc.o
                                                  build/stm32l0xx_hal_pwr_ex.o
                                                  build/stm32l0xx_hal.o
                                                  build/main.o
                                                  build/system_stm32l0xx.o
__aeabi_uidivmod                                  /home/niklas/Downloads/gcc-arm-none-eabi-4_8-2014q3/bin/../lib/gcc/arm-none-eabi/4.8.4/armv6-m/libgcc.a(_udivsi3.o)
__bss_end__                                       /home/niklas/Downloads/gcc-arm-none-eabi-4_8-2014q3/bin/../lib/gcc/arm-none-eabi/4.8.4/../../../../arm-none-eabi/lib/armv6-m/crt0.o
__bss_start__                                     /home/niklas/Downloads/gcc-arm-none-eabi-4_8-2014q3/bin/../lib/gcc/arm-none-eabi/4.8.4/../../../../arm-none-eabi/lib/armv6-m/crt0.o
__call_exitprocs                                  /home/niklas/Downloads/gcc-arm-none-eabi-4_8-2014q3/bin/../lib/gcc/arm-none-eabi/4.8.4/../../../../arm-none-eabi/lib/armv6-m/libc_s.a(lib_a-exit.o)
__deregister_frame_info                           /home/niklas/Downloads/gcc-arm-none-eabi-4_8-2014q3/bin/../lib/gcc/arm-none-eabi/4.8.4/armv6-m/crtbegin.o
__dso_handle                                      /home/niklas/Downloads/gcc-arm-none-eabi-4_8-2014q3/bin/../lib/gcc/arm-none-eabi/4.8.4/armv6-m/crtbegin.o
__init_array_end                                  /home/niklas/Downloads/gcc-arm-none-eabi-4_8-2014q3/bin/../lib/gcc/arm-none-eabi/4.8.4/../../../../arm-none-eabi/lib/armv6-m/libc_s.a(lib_a-init.o)
__init_array_start                                /home/niklas/Downloads/gcc-arm-none-eabi-4_8-2014q3/bin/../lib/gcc/arm-none-eabi/4.8.4/../../../../arm-none-eabi/lib/armv6-m/libc_s.a(lib_a-init.o)
__libc_fini_array                                 /home/niklas/Downloads/gcc-arm-none-eabi-4_8-2014q3/bin/../lib/gcc/arm-none-eabi/4.8.4/../../../../arm-none-eabi/lib/armv6-m/crt0.o
__libc_init_array                                 /home/niklas/Downloads/gcc-arm-none-eabi-4_8-2014q3/bin/../lib/gcc/arm-none-eabi/4.8.4/../../../../arm-none-eabi/lib/armv6-m/libc_s.a(lib_a-init.o)
                                                  build/startup_stm32l072xx.o
                                                  /home/niklas/Downloads/gcc-arm-none-eabi-4_8-2014q3/bin/../lib/gcc/arm-none-eabi/4.8.4/../../../../arm-none-eabi/lib/armv6-m/crt0.o
__preinit_array_end                               /home/niklas/Downloads/gcc-arm-none-eabi-4_8-2014q3/bin/../lib/gcc/arm-none-eabi/4.8.4/../../../../arm-none-eabi/lib/armv6-m/libc_s.a(lib_a-init.o)
__preinit_array_start                             /home/niklas/Downloads/gcc-arm-none-eabi-4_8-2014q3/bin/../lib/gcc/arm-none-eabi/4.8.4/../../../../arm-none-eabi/lib/armv6-m/libc_s.a(lib_a-init.o)
__register_frame_info                             /home/niklas/Downloads/gcc-arm-none-eabi-4_8-2014q3/bin/../lib/gcc/arm-none-eabi/4.8.4/armv6-m/crtbegin.o
__sf_fake_stderr                                  /home/niklas/Downloads/gcc-arm-none-eabi-4_8-2014q3/bin/../lib/gcc/arm-none-eabi/4.8.4/../../../../arm-none-eabi/lib/armv6-m/libc_s.a(lib_a-impure.o)
__sf_fake_stdin                                   /home/niklas/Downloads/gcc-arm-none-eabi-4_8-2014q3/bin/../lib/gcc/arm-none-eabi/4.8.4/../../../../arm-none-eabi/lib/armv6-m/libc_s.a(lib_a-impure.o)
__sf_fake_stdout                                  /home/niklas/Downloads/gcc-arm-none-eabi-4_8-2014q3/bin/../lib/gcc/arm-none-eabi/4.8.4/../../../../arm-none-eabi/lib/armv6-m/libc_s.a(lib_a-impure.o)
__stack                                           /home/niklas/Downloads/gcc-arm-none-eabi-4_8-2014q3/bin/../lib/gcc/arm-none-eabi/4.8.4/../../../../arm-none-eabi/lib/armv6-m/crt0.o
__udivsi3                                         /home/niklas/Downloads/gcc-arm-none-eabi-4_8-2014q3/bin/../lib/gcc/arm-none-eabi/4.8.4/armv6-m/libgcc.a(_udivsi3.o)
_ebss                                             build/startup_stm32l072xx.o
_edata                                            build/startup_stm32l072xx.o
_estack                                           build/startup_stm32l072xx.o
_exit                                             /home/niklas/Downloads/gcc-arm-none-eabi-4_8-2014q3/bin/../lib/gcc/arm-none-eabi/4.8.4/../../../../arm-none-eabi/lib/armv6-m/libnosys.a(_exit.o)
                                                  /home/niklas/Downloads/gcc-arm-none-eabi-4_8-2014q3/bin/../lib/gcc/arm-none-eabi/4.8.4/../../../../arm-none-eabi/lib/armv6-m/libc_s.a(lib_a-exit.o)
_fini                                             /home/niklas/Downloads/gcc-arm-none-eabi-4_8-2014q3/bin/../lib/gcc/arm-none-eabi/4.8.4/armv6-m/crti.o
_global_impure_ptr                                /home/niklas/Downloads/gcc-arm-none-eabi-4_8-2014q3/bin/../lib/gcc/arm-none-eabi/4.8.4/../../../../arm-none-eabi/lib/armv6-m/libc_s.a(lib_a-impure.o)
                                                  /home/niklas/Downloads/gcc-arm-none-eabi-4_8-2014q3/bin/../lib/gcc/arm-none-eabi/4.8.4/../../../../arm-none-eabi/lib/armv6-m/libc_s.a(lib_a-exit.o)
_impure_ptr                                       /home/niklas/Downloads/gcc-arm-none-eabi-4_8-2014q3/bin/../lib/gcc/arm-none-eabi/4.8.4/../../../../arm-none-eabi/lib/armv6-m/libc_s.a(lib_a-impure.o)
_init                                             /home/niklas/Downloads/gcc-arm-none-eabi-4_8-2014q3/bin/../lib/gcc/arm-none-eabi/4.8.4/armv6-m/crti.o
                                                  /home/niklas/Downloads/gcc-arm-none-eabi-4_8-2014q3/bin/../lib/gcc/arm-none-eabi/4.8.4/../../../../arm-none-eabi/lib/armv6-m/libc_s.a(lib_a-init.o)
_mainCRTStartup                                   /home/niklas/Downloads/gcc-arm-none-eabi-4_8-2014q3/bin/../lib/gcc/arm-none-eabi/4.8.4/../../../../arm-none-eabi/lib/armv6-m/crt0.o
_sbss                                             build/startup_stm32l072xx.o
_sdata                                            build/startup_stm32l072xx.o
_sidata                                           build/startup_stm32l072xx.o
_start                                            /home/niklas/Downloads/gcc-arm-none-eabi-4_8-2014q3/bin/../lib/gcc/arm-none-eabi/4.8.4/../../../../arm-none-eabi/lib/armv6-m/crt0.o
atexit                                            /home/niklas/Downloads/gcc-arm-none-eabi-4_8-2014q3/bin/../lib/gcc/arm-none-eabi/4.8.4/../../../../arm-none-eabi/lib/armv6-m/crt0.o
exit                                              /home/niklas/Downloads/gcc-arm-none-eabi-4_8-2014q3/bin/../lib/gcc/arm-none-eabi/4.8.4/../../../../arm-none-eabi/lib/armv6-m/libc_s.a(lib_a-exit.o)
                                                  /home/niklas/Downloads/gcc-arm-none-eabi-4_8-2014q3/bin/../lib/gcc/arm-none-eabi/4.8.4/../../../../arm-none-eabi/lib/armv6-m/crt0.o
g_pfnVectors                                      build/startup_stm32l072xx.o
hadc                                              build/main.o
hardware_init_hook                                /home/niklas/Downloads/gcc-arm-none-eabi-4_8-2014q3/bin/../lib/gcc/arm-none-eabi/4.8.4/../../../../arm-none-eabi/lib/armv6-m/crt0.o
hdac                                              build/main.o
hspi1                                             build/main.o
main                                              build/main.o
                                                  build/startup_stm32l072xx.o
                                                  /home/niklas/Downloads/gcc-arm-none-eabi-4_8-2014q3/bin/../lib/gcc/arm-none-eabi/4.8.4/../../../../arm-none-eabi/lib/armv6-m/crt0.o
memset                                            /home/niklas/Downloads/gcc-arm-none-eabi-4_8-2014q3/bin/../lib/gcc/arm-none-eabi/4.8.4/../../../../arm-none-eabi/lib/armv6-m/libc_s.a(lib_a-memset.o)
                                                  /home/niklas/Downloads/gcc-arm-none-eabi-4_8-2014q3/bin/../lib/gcc/arm-none-eabi/4.8.4/../../../../arm-none-eabi/lib/armv6-m/crt0.o
pFlash                                            build/stm32l0xx_hal_flash_ex.o
                                                  build/stm32l0xx_hal_flash.o
                                                  build/stm32l0xx_hal_flash_ramfunc.o
software_init_hook                                /home/niklas/Downloads/gcc-arm-none-eabi-4_8-2014q3/bin/../lib/gcc/arm-none-eabi/4.8.4/../../../../arm-none-eabi/lib/armv6-m/crt0.o
uwTick                                            build/stm32l0xx_hal.o
