Archive member included because of file (symbol)

/home/niklas/Downloads/gcc-arm-none-eabi-4_8-2014q3/bin/../lib/gcc/arm-none-eabi/4.8.4/../../../../arm-none-eabi/lib/armv6-m/libc_s.a(lib_a-exit.o)
                              /home/niklas/Downloads/gcc-arm-none-eabi-4_8-2014q3/bin/../lib/gcc/arm-none-eabi/4.8.4/../../../../arm-none-eabi/lib/armv6-m/crt0.o (exit)
/home/niklas/Downloads/gcc-arm-none-eabi-4_8-2014q3/bin/../lib/gcc/arm-none-eabi/4.8.4/../../../../arm-none-eabi/lib/armv6-m/libc_s.a(lib_a-impure.o)
                              /home/niklas/Downloads/gcc-arm-none-eabi-4_8-2014q3/bin/../lib/gcc/arm-none-eabi/4.8.4/../../../../arm-none-eabi/lib/armv6-m/libc_s.a(lib_a-exit.o) (_global_impure_ptr)
/home/niklas/Downloads/gcc-arm-none-eabi-4_8-2014q3/bin/../lib/gcc/arm-none-eabi/4.8.4/../../../../arm-none-eabi/lib/armv6-m/libc_s.a(lib_a-init.o)
                              /home/niklas/Downloads/gcc-arm-none-eabi-4_8-2014q3/bin/../lib/gcc/arm-none-eabi/4.8.4/../../../../arm-none-eabi/lib/armv6-m/crt0.o (__libc_init_array)
/home/niklas/Downloads/gcc-arm-none-eabi-4_8-2014q3/bin/../lib/gcc/arm-none-eabi/4.8.4/../../../../arm-none-eabi/lib/armv6-m/libc_s.a(lib_a-memcpy-stub.o)
                              build/main.o (memcpy)
/home/niklas/Downloads/gcc-arm-none-eabi-4_8-2014q3/bin/../lib/gcc/arm-none-eabi/4.8.4/../../../../arm-none-eabi/lib/armv6-m/libc_s.a(lib_a-memset.o)
                              /home/niklas/Downloads/gcc-arm-none-eabi-4_8-2014q3/bin/../lib/gcc/arm-none-eabi/4.8.4/../../../../arm-none-eabi/lib/armv6-m/crt0.o (memset)
/home/niklas/Downloads/gcc-arm-none-eabi-4_8-2014q3/bin/../lib/gcc/arm-none-eabi/4.8.4/../../../../arm-none-eabi/lib/armv6-m/libnosys.a(_exit.o)
                              /home/niklas/Downloads/gcc-arm-none-eabi-4_8-2014q3/bin/../lib/gcc/arm-none-eabi/4.8.4/../../../../arm-none-eabi/lib/armv6-m/libc_s.a(lib_a-exit.o) (_exit)
/home/niklas/Downloads/gcc-arm-none-eabi-4_8-2014q3/bin/../lib/gcc/arm-none-eabi/4.8.4/armv6-m/libgcc.a(_udivsi3.o)
                              build/stm32l0xx_hal_pwr_ex.o (__aeabi_uidiv)
/home/niklas/Downloads/gcc-arm-none-eabi-4_8-2014q3/bin/../lib/gcc/arm-none-eabi/4.8.4/armv6-m/libgcc.a(_dvmd_tls.o)
                              /home/niklas/Downloads/gcc-arm-none-eabi-4_8-2014q3/bin/../lib/gcc/arm-none-eabi/4.8.4/armv6-m/libgcc.a(_udivsi3.o) (__aeabi_idiv0)
/home/niklas/Downloads/gcc-arm-none-eabi-4_8-2014q3/bin/../lib/gcc/arm-none-eabi/4.8.4/armv6-m/libgcc.a(_fixunsdfsi.o)
                              build/main.o (__aeabi_d2uiz)
/home/niklas/Downloads/gcc-arm-none-eabi-4_8-2014q3/bin/../lib/gcc/arm-none-eabi/4.8.4/armv6-m/libgcc.a(divdf3.o)
                              build/main.o (__aeabi_ddiv)
/home/niklas/Downloads/gcc-arm-none-eabi-4_8-2014q3/bin/../lib/gcc/arm-none-eabi/4.8.4/armv6-m/libgcc.a(muldf3.o)
                              build/main.o (__aeabi_dmul)
/home/niklas/Downloads/gcc-arm-none-eabi-4_8-2014q3/bin/../lib/gcc/arm-none-eabi/4.8.4/armv6-m/libgcc.a(subdf3.o)
                              /home/niklas/Downloads/gcc-arm-none-eabi-4_8-2014q3/bin/../lib/gcc/arm-none-eabi/4.8.4/armv6-m/libgcc.a(_fixunsdfsi.o) (__aeabi_dsub)
/home/niklas/Downloads/gcc-arm-none-eabi-4_8-2014q3/bin/../lib/gcc/arm-none-eabi/4.8.4/armv6-m/libgcc.a(fixdfsi.o)
                              /home/niklas/Downloads/gcc-arm-none-eabi-4_8-2014q3/bin/../lib/gcc/arm-none-eabi/4.8.4/armv6-m/libgcc.a(_fixunsdfsi.o) (__aeabi_d2iz)
/home/niklas/Downloads/gcc-arm-none-eabi-4_8-2014q3/bin/../lib/gcc/arm-none-eabi/4.8.4/armv6-m/libgcc.a(floatunsidf.o)
                              build/main.o (__aeabi_ui2d)
/home/niklas/Downloads/gcc-arm-none-eabi-4_8-2014q3/bin/../lib/gcc/arm-none-eabi/4.8.4/armv6-m/libgcc.a(_arm_cmpdf2.o)
                              /home/niklas/Downloads/gcc-arm-none-eabi-4_8-2014q3/bin/../lib/gcc/arm-none-eabi/4.8.4/armv6-m/libgcc.a(_fixunsdfsi.o) (__aeabi_dcmpge)
/home/niklas/Downloads/gcc-arm-none-eabi-4_8-2014q3/bin/../lib/gcc/arm-none-eabi/4.8.4/armv6-m/libgcc.a(_clzsi2.o)
                              /home/niklas/Downloads/gcc-arm-none-eabi-4_8-2014q3/bin/../lib/gcc/arm-none-eabi/4.8.4/armv6-m/libgcc.a(divdf3.o) (__clzsi2)
/home/niklas/Downloads/gcc-arm-none-eabi-4_8-2014q3/bin/../lib/gcc/arm-none-eabi/4.8.4/armv6-m/libgcc.a(eqdf2.o)
                              /home/niklas/Downloads/gcc-arm-none-eabi-4_8-2014q3/bin/../lib/gcc/arm-none-eabi/4.8.4/armv6-m/libgcc.a(_arm_cmpdf2.o) (__eqdf2)
/home/niklas/Downloads/gcc-arm-none-eabi-4_8-2014q3/bin/../lib/gcc/arm-none-eabi/4.8.4/armv6-m/libgcc.a(gedf2.o)
                              /home/niklas/Downloads/gcc-arm-none-eabi-4_8-2014q3/bin/../lib/gcc/arm-none-eabi/4.8.4/armv6-m/libgcc.a(_arm_cmpdf2.o) (__gedf2)
/home/niklas/Downloads/gcc-arm-none-eabi-4_8-2014q3/bin/../lib/gcc/arm-none-eabi/4.8.4/armv6-m/libgcc.a(ledf2.o)
[...]
Memory Configuration

Name             Origin             Length             Attributes
RAM              0x20000000         0x00002000         xrw
FLASH            0x08000000         0x00010000         xr
*default*        0x00000000         0xffffffff

Linker script and memory map

LOAD /home/niklas/Downloads/gcc-arm-none-eabi-4_8-2014q3/bin/../lib/gcc/arm-none-eabi/4.8.4/armv6-m/crti.o
LOAD /home/niklas/Downloads/gcc-arm-none-eabi-4_8-2014q3/bin/../lib/gcc/arm-none-eabi/4.8.4/armv6-m/crtbegin.o
LOAD /home/niklas/Downloads/gcc-arm-none-eabi-4_8-2014q3/bin/../lib/gcc/arm-none-eabi/4.8.4/../../../../arm-none-eabi/lib/armv6-m/crt0.o
LOAD build/stm32l0xx_hal_tim_ex.o
LOAD build/stm32l0xx_hal_flash.o
LOAD build/stm32l0xx_hal_tim.o
LOAD build/stm32l0xx_hal_flash_ex.o
LOAD build/stm32l0xx_hal_pwr.o
LOAD build/stm32l0xx_hal_i2c.o
LOAD build/stm32l0xx_hal_dma.o
LOAD build/stm32l0xx_hal_spi.o
LOAD build/stm32l0xx_hal_pwr_ex.o
LOAD build/system_stm32l0xx.o
LOAD build/stm32l0xx_it.o
LOAD build/stm32l0xx_hal.o
LOAD build/stm32l0xx_hal_cortex.o
LOAD build/stm32l0xx_hal_gpio.o
LOAD build/stm32l0xx_hal_msp.o
LOAD build/stm32l0xx_hal_i2c_ex.o
LOAD build/stm32l0xx_hal_flash_ramfunc.o
LOAD build/stm32l0xx_hal_rcc_ex.o
LOAD build/stm32l0xx_hal_rcc.o
LOAD build/main.o
LOAD build/startup_stm32l053xx.o
LOAD /home/niklas/Downloads/gcc-arm-none-eabi-4_8-2014q3/bin/../lib/gcc/arm-none-eabi/4.8.4/../../../../arm-none-eabi/lib/armv6-m/libc_s.a
LOAD /home/niklas/Downloads/gcc-arm-none-eabi-4_8-2014q3/bin/../lib/gcc/arm-none-eabi/4.8.4/../../../../arm-none-eabi/lib/armv6-m/libm.a
LOAD /home/niklas/Downloads/gcc-arm-none-eabi-4_8-2014q3/bin/../lib/gcc/arm-none-eabi/4.8.4/../../../../arm-none-eabi/lib/armv6-m/libnosys.a
START GROUP
LOAD /home/niklas/Downloads/gcc-arm-none-eabi-4_8-2014q3/bin/../lib/gcc/arm-none-eabi/4.8.4/armv6-m/libgcc.a
LOAD /home/niklas/Downloads/gcc-arm-none-eabi-4_8-2014q3/bin/../lib/gcc/arm-none-eabi/4.8.4/../../../../arm-none-eabi/lib/armv6-m/libc_s.a
END GROUP
START GROUP
LOAD /home/niklas/Downloads/gcc-arm-none-eabi-4_8-2014q3/bin/../lib/gcc/arm-none-eabi/4.8.4/armv6-m/libgcc.a
LOAD /home/niklas/Downloads/gcc-arm-none-eabi-4_8-2014q3/bin/../lib/gcc/arm-none-eabi/4.8.4/../../../../arm-none-eabi/lib/armv6-m/libc_s.a
END GROUP
LOAD /home/niklas/Downloads/gcc-arm-none-eabi-4_8-2014q3/bin/../lib/gcc/arm-none-eabi/4.8.4/armv6-m/crtend.o
LOAD /home/niklas/Downloads/gcc-arm-none-eabi-4_8-2014q3/bin/../lib/gcc/arm-none-eabi/4.8.4/armv6-m/crtn.o
                0x20002000                _estack = 0x20002000
                0x00000200                _Min_Heap_Size = 0x200
                0x00000400                _Min_Stack_Size = 0x400

.isr_vector     0x08000000       0xc0
                0x08000000                . = ALIGN (0x4)
 *(.isr_vector)
 .isr_vector    0x08000000       0xc0 build/startup_stm32l053xx.o
                0x08000000                g_pfnVectors
                0x080000c0                . = ALIGN (0x4)

.text           0x080000c0     0x319c
                0x080000c0                . = ALIGN (0x4)
 *(.text)
 .text          0x080000c0       0x60 /home/niklas/Downloads/gcc-arm-none-eabi-4_8-2014q3/bin/../lib/gcc/arm-none-eabi/4.8.4/armv6-m/crtbegin.o
 .text          0x08000120       0x9c /home/niklas/Downloads/gcc-arm-none-eabi-4_8-2014q3/bin/../lib/gcc/arm-none-eabi/4.8.4/armv6-m/libgcc.a(_udivsi3.o)
                0x08000120                __udivsi3
                0x08000120                __aeabi_uidiv
                0x080001a8                __aeabi_uidivmod
 .text          0x080001bc        0x4 /home/niklas/Downloads/gcc-arm-none-eabi-4_8-2014q3/bin/../lib/gcc/arm-none-eabi/4.8.4/armv6-m/libgcc.a(_dvmd_tls.o)
                0x080001bc                __aeabi_ldiv0
                0x080001bc                __aeabi_idiv0
 .text          0x080001c0       0x40 /home/niklas/Downloads/gcc-arm-none-eabi-4_8-2014q3/bin/../lib/gcc/arm-none-eabi/4.8.4/armv6-m/libgcc.a(_fixunsdfsi.o)
                0x080001c0                __fixunsdfsi
                0x080001c0                __aeabi_d2uiz
 .text          0x08000200      0x648 /home/niklas/Downloads/gcc-arm-none-eabi-4_8-2014q3/bin/../lib/gcc/arm-none-eabi/4.8.4/armv6-m/libgcc.a(divdf3.o)
                0x08000200                __aeabi_ddiv
 .text          0x08000848      0x520 /home/niklas/Downloads/gcc-arm-none-eabi-4_8-2014q3/bin/../lib/gcc/arm-none-eabi/4.8.4/armv6-m/libgcc.a(muldf3.o)
                0x08000848                __aeabi_dmul
 .text          0x08000d68      0x668 /home/niklas/Downloads/gcc-arm-none-eabi-4_8-2014q3/bin/../lib/gcc/arm-none-eabi/4.8.4/armv6-m/libgcc.a(subdf3.o)
                0x08000d68                __aeabi_dsub
 .text          0x080013d0       0x68 /home/niklas/Downloads/gcc-arm-none-eabi-4_8-2014q3/bin/../lib/gcc/arm-none-eabi/4.8.4/armv6-m/libgcc.a(fixdfsi.o)
                0x080013d0                __aeabi_d2iz
 .text          0x08001438       0x68 /home/niklas/Downloads/gcc-arm-none-eabi-4_8-2014q3/bin/../lib/gcc/arm-none-eabi/4.8.4/armv6-m/libgcc.a(floatunsidf.o)
                0x08001438                __aeabi_ui2d
 .text          0x080014a0       0x7c /home/niklas/Downloads/gcc-arm-none-eabi-4_8-2014q3/bin/../lib/gcc/arm-none-eabi/4.8.4/armv6-m/libgcc.a(_arm_cmpdf2.o)
                0x080014a0                __aeabi_cdrcmple
                0x080014b0                __aeabi_cdcmple
                0x080014b0                __aeabi_cdcmpeq
                0x080014c0                __aeabi_dcmpeq
                0x080014cc                __aeabi_dcmplt
                0x080014e0                __aeabi_dcmple
                0x080014f4                __aeabi_dcmpgt
                0x08001508                __aeabi_dcmpge
 .text          0x0800151c       0x3c /home/niklas/Downloads/gcc-arm-none-eabi-4_8-2014q3/bin/../lib/gcc/arm-none-eabi/4.8.4/armv6-m/libgcc.a(_clzsi2.o)
                0x0800151c                __clzsi2
 .text          0x08001558       0x94 /home/niklas/Downloads/gcc-arm-none-eabi-4_8-2014q3/bin/../lib/gcc/arm-none-eabi/4.8.4/armv6-m/libgcc.a(eqdf2.o)
                0x08001558                __eqdf2
                0x08001558                __nedf2
 .text          0x080015ec       0xfc /home/niklas/Downloads/gcc-arm-none-eabi-4_8-2014q3/bin/../lib/gcc/arm-none-eabi/4.8.4/armv6-m/libgcc.a(gedf2.o)
                0x080015ec                __gtdf2
                0x080015ec                __gedf2
 .text          0x080016e8       0xfc /home/niklas/Downloads/gcc-arm-none-eabi-4_8-2014q3/bin/../lib/gcc/arm-none-eabi/4.8.4/armv6-m/libgcc.a(ledf2.o)
                0x080016e8                __ltdf2
                0x080016e8                __ledf2
 *(.text*)
 .text.SPI_WaitOnFlagUntilTimeout
                0x080017e4       0xec build/stm32l0xx_hal_spi.o
 .text.HAL_SPI_Init
                0x080018d0       0x88 build/stm32l0xx_hal_spi.o
                0x080018d0                HAL_SPI_Init
 .text.HAL_SPI_Transmit
                0x08001958      0x1dc build/stm32l0xx_hal_spi.o
                0x08001958                HAL_SPI_Transmit
 .text.SystemInit
                0x08001b34       0x5c build/system_stm32l0xx.o
                0x08001b34                SystemInit
 .text.NMI_Handler
                0x08001b90        0x4 build/stm32l0xx_it.o
                0x08001b90                NMI_Handler
 .text.HardFault_Handler
                0x08001b94        0x4 build/stm32l0xx_it.o
                0x08001b94                HardFault_Handler
 .text.SVC_Handler
                0x08001b98        0x4 build/stm32l0xx_it.o
                0x08001b98                SVC_Handler
 .text.PendSV_Handler
                0x08001b9c        0x4 build/stm32l0xx_it.o
                0x08001b9c                PendSV_Handler
 .text.SysTick_Handler
                0x08001ba0        0xc build/stm32l0xx_it.o
                0x08001ba0                SysTick_Handler
 .text.EXTI4_15_IRQHandler
                0x08001bac        0xc build/stm32l0xx_it.o
                0x08001bac                EXTI4_15_IRQHandler
 .text.HAL_InitTick
                0x08001bb8       0x28 build/stm32l0xx_hal.o
                0x08001bb8                HAL_InitTick
 .text.HAL_Init
                0x08001be0       0x20 build/stm32l0xx_hal.o
                0x08001be0                HAL_Init
 .text.HAL_IncTick
                0x08001c00       0x10 build/stm32l0xx_hal.o
                0x08001c00                HAL_IncTick
 .text.HAL_GetTick
                0x08001c10        0xc build/stm32l0xx_hal.o
                0x08001c10                HAL_GetTick
 .text.HAL_Delay
                0x08001c1c       0x1c build/stm32l0xx_hal.o
                0x08001c1c                HAL_Delay
 .text.HAL_NVIC_SetPriority
                0x08001c38       0x64 build/stm32l0xx_hal_cortex.o
                0x08001c38                HAL_NVIC_SetPriority
 .text.HAL_NVIC_EnableIRQ
                0x08001c9c       0x14 build/stm32l0xx_hal_cortex.o
                0x08001c9c                HAL_NVIC_EnableIRQ
 .text.HAL_SYSTICK_Config
                0x08001cb0       0x38 build/stm32l0xx_hal_cortex.o
                0x08001cb0                HAL_SYSTICK_Config
 .text.HAL_SYSTICK_CLKSourceConfig
                0x08001ce8       0x20 build/stm32l0xx_hal_cortex.o
                0x08001ce8                HAL_SYSTICK_CLKSourceConfig
 .text.HAL_SYSTICK_Callback
                0x08001d08        0x4 build/stm32l0xx_hal_cortex.o
                0x08001d08                HAL_SYSTICK_Callback
 .text.HAL_SYSTICK_IRQHandler
                0x08001d0c        0x8 build/stm32l0xx_hal_cortex.o
                0x08001d0c                HAL_SYSTICK_IRQHandler
 .text.HAL_GPIO_Init
                0x08001d14      0x1e0 build/stm32l0xx_hal_gpio.o
                0x08001d14                HAL_GPIO_Init
 .text.HAL_GPIO_ReadPin
                0x08001ef4       0x10 build/stm32l0xx_hal_gpio.o
                0x08001ef4                HAL_GPIO_ReadPin
 .text.HAL_GPIO_WritePin
                0x08001f04        0xc build/stm32l0xx_hal_gpio.o
                0x08001f04                HAL_GPIO_WritePin
 .text.HAL_GPIO_EXTI_Callback
                0x08001f10        0x4 build/stm32l0xx_hal_gpio.o
                0x08001f10                HAL_GPIO_EXTI_Callback
 .text.HAL_GPIO_EXTI_IRQHandler
                0x08001f14       0x18 build/stm32l0xx_hal_gpio.o
                0x08001f14                HAL_GPIO_EXTI_IRQHandler
 .text.HAL_MspInit
                0x08001f2c       0x40 build/stm32l0xx_hal_msp.o
                0x08001f2c                HAL_MspInit
 .text.HAL_SPI_MspInit
                0x08001f6c       0x40 build/stm32l0xx_hal_msp.o
                0x08001f6c                HAL_SPI_MspInit
 .text.RCC_SetFlashLatencyFromMSIRange
                0x08001fac       0x88 build/stm32l0xx_hal_rcc.o
 .text.HAL_RCC_OscConfig
                0x08002034      0x5fc build/stm32l0xx_hal_rcc.o
                0x08002034                HAL_RCC_OscConfig
 .text.HAL_RCC_GetSysClockFreq
                0x08002630       0x8c build/stm32l0xx_hal_rcc.o
                0x08002630                HAL_RCC_GetSysClockFreq
 .text.HAL_RCC_ClockConfig
                0x080026bc      0x1d8 build/stm32l0xx_hal_rcc.o
                0x080026bc                HAL_RCC_ClockConfig
 .text.HAL_RCC_GetHCLKFreq
                0x08002894        0xc build/stm32l0xx_hal_rcc.o
                0x08002894                HAL_RCC_GetHCLKFreq
 .text.MX_GPIO_Init
                0x080028a0       0xa4 build/main.o
 .text.SetToMaster
                0x08002944       0x3c build/main.o
                0x08002944                SetToMaster
 .text.SetConfiguration
                0x08002980       0x54 build/main.o
                0x08002980                SetConfiguration
 .text.sx126x_Reset
                0x080029d4       0x30 build/main.o
                0x080029d4                sx126x_Reset
 .text.sx126x_WaitOnCounter
                0x08002a04       0x10 build/main.o
                0x08002a04                sx126x_WaitOnCounter
 .text.sx126x_AntSwOn
                0x08002a14       0x14 build/main.o
                0x08002a14                sx126x_AntSwOn
 .text.sx126x_WaitOnBusy
                0x08002a28       0x18 build/main.o
                0x08002a28                sx126x_WaitOnBusy
 .text.sx126x_WriteCommand
                0x08002a40       0x64 build/main.o
                0x08002a40                sx126x_WriteCommand
 .text.sx126x_SetTx
                0x08002aa4       0x28 build/main.o
                0x08002aa4                sx126x_SetTx
 .text.sx126x_SetDioIrqParams
                0x08002acc       0x2c build/main.o
                0x08002acc                sx126x_SetDioIrqParams
 .text.ConfigureRadioTx
                0x08002af8       0x10 build/main.o
                0x08002af8                ConfigureRadioTx
 .text.sx126x_SetPaConfig
                0x08002b08       0x1c build/main.o
                0x08002b08                sx126x_SetPaConfig
 .text.sx126x_CalibrateImage
                0x08002b24       0x80 build/main.o
                0x08002b24                sx126x_CalibrateImage
 *fill*         0x08002ba4        0x4 
 .text.sx126x_SetRfFrequency
                0x08002ba8       0x58 build/main.o
                0x08002ba8                sx126x_SetRfFrequency
 .text.sx126x_SetModulationParams
                0x08002c00      0x110 build/main.o
                0x08002c00                sx126x_SetModulationParams
 .text.sx126x_SetPacketParams
                0x08002d10       0x88 build/main.o
                0x08002d10                sx126x_SetPacketParams
 .text.sx126x_SetPacketType
                0x08002d98       0x18 build/main.o
                0x08002d98                sx126x_SetPacketType
 .text.sx126x_SetStandby
                0x08002db0       0x30 build/main.o
                0x08002db0                sx126x_SetStandby
 .text.sx126x_SetDio2AsRfSwitchCtrl
                0x08002de0       0x18 build/main.o
                0x08002de0                sx126x_SetDio2AsRfSwitchCtrl
 .text.sx126x_WriteBuffer
                0x08002df8       0x78 build/main.o
                0x08002df8                sx126x_WriteBuffer
 .text.sx126x_SetPayload
                0x08002e70       0x10 build/main.o
                0x08002e70                sx126x_SetPayload
 .text.PrepareBuffer
                0x08002e80        0xc build/main.o
                0x08002e80                PrepareBuffer
 .text.sx126x_WriteReg
                0x08002e8c       0x6c build/main.o
                0x08002e8c                sx126x_WriteReg
 .text.sx126x_SetTxParams
                0x08002ef8       0x58 build/main.o
                0x08002ef8                sx126x_SetTxParams
 .text.sx126x_SetSyncWord
                0x08002f50       0x10 build/main.o
                0x08002f50                sx126x_SetSyncWord
 .text.ConfigureGeneralRadio
                0x08002f60       0x48 build/main.o
                0x08002f60                ConfigureGeneralRadio
 .text.sx126x_Wakeup
                0x08002fa8       0x64 build/main.o
                0x08002fa8                sx126x_Wakeup
 .text.sx126x_Init
                0x0800300c       0x48 build/main.o
                0x0800300c                sx126x_Init
 .text._Error_Handler
                0x08003054        0x4 build/main.o
                0x08003054                _Error_Handler
 .text.MX_SPI1_Init
                0x08003058       0x4c build/main.o
 .text.SystemClock_Config
                0x080030a4       0x94 build/main.o
                0x080030a4                SystemClock_Config
 .text.main     0x08003138       0x58 build/main.o
                0x08003138                main
 .text.Reset_Handler
                0x08003190       0x50 build/startup_stm32l053xx.o
                0x08003190                Reset_Handler
 .text.Default_Handler
                0x080031e0        0x2 build/startup_stm32l053xx.o
                0x080031e0                TSC_IRQHandler
                0x080031e0                ADC1_COMP_IRQHandler
                0x080031e0                PVD_IRQHandler
                0x080031e0                I2C1_IRQHandler
                0x080031e0                RCC_CRS_IRQHandler
                0x080031e0                SPI1_IRQHandler
                0x080031e0                TIM6_DAC_IRQHandler
                0x080031e0                EXTI2_3_IRQHandler
                0x080031e0                I2C2_IRQHandler
                0x080031e0                RTC_IRQHandler
                0x080031e0                LCD_IRQHandler
                0x080031e0                DMA1_Channel4_5_6_7_IRQHandler
                0x080031e0                DMA1_Channel1_IRQHandler
                0x080031e0                Default_Handler
                0x080031e0                TIM22_IRQHandler
                0x080031e0                EXTI0_1_IRQHandler
                0x080031e0                USB_IRQHandler
                0x080031e0                SPI2_IRQHandler
                0x080031e0                TIM21_IRQHandler
                0x080031e0                WWDG_IRQHandler
                0x080031e0                TIM2_IRQHandler
                0x080031e0                DMA1_Channel2_3_IRQHandler
                0x080031e0                USART2_IRQHandler
                0x080031e0                FLASH_IRQHandler
                0x080031e0                USART1_IRQHandler
                0x080031e0                RNG_LPUART1_IRQHandler
                0x080031e0                LPTIM1_IRQHandler
 *fill*         0x080031e2        0x2 
 .text.__libc_init_array
                0x080031e4       0x4c /home/niklas/Downloads/gcc-arm-none-eabi-4_8-2014q3/bin/../lib/gcc/arm-none-eabi/4.8.4/../../../../arm-none-eabi/lib/armv6-m/libc_s.a(lib_a-init.o)
                0x080031e4                __libc_init_array
 .text.memcpy   0x08003230       0x12 /home/niklas/Downloads/gcc-arm-none-eabi-4_8-2014q3/bin/../lib/gcc/arm-none-eabi/4.8.4/../../../../arm-none-eabi/lib/armv6-m/libc_s.a(lib_a-memcpy-stub.o)
                0x08003230                memcpy
 *(.glue_7)
 .glue_7        0x00000000        0x0 linker stubs
 *(.glue_7t)
 .glue_7t       0x00000000        0x0 linker stubs
 *(.eh_frame)
 *fill*         0x08003242        0x2 
 .eh_frame      0x08003244        0x0 /home/niklas/Downloads/gcc-arm-none-eabi-4_8-2014q3/bin/../lib/gcc/arm-none-eabi/4.8.4/armv6-m/crtbegin.o
 *(.init)
 .init          0x08003244        0x4 /home/niklas/Downloads/gcc-arm-none-eabi-4_8-2014q3/bin/../lib/gcc/arm-none-eabi/4.8.4/armv6-m/crti.o
                0x08003244                _init
 .init          0x08003248        0x8 /home/niklas/Downloads/gcc-arm-none-eabi-4_8-2014q3/bin/../lib/gcc/arm-none-eabi/4.8.4/armv6-m/crtn.o
 *(.fini)
 .fini          0x08003250        0x4 /home/niklas/Downloads/gcc-arm-none-eabi-4_8-2014q3/bin/../lib/gcc/arm-none-eabi/4.8.4/armv6-m/crti.o
                0x08003250                _fini
 .fini          0x08003254        0x8 /home/niklas/Downloads/gcc-arm-none-eabi-4_8-2014q3/bin/../lib/gcc/arm-none-eabi/4.8.4/armv6-m/crtn.o
                0x0800325c                . = ALIGN (0x4)
                0x0800325c                _etext = .

.vfp11_veneer   0x0800325c        0x0
 .vfp11_veneer  0x00000000        0x0 linker stubs

.v4_bx          0x0800325c        0x0
 .v4_bx         0x00000000        0x0 linker stubs

.iplt           0x0800325c        0x0
 .iplt          0x00000000        0x0 /home/niklas/Downloads/gcc-arm-none-eabi-4_8-2014q3/bin/../lib/gcc/arm-none-eabi/4.8.4/armv6-m/crtbegin.o

.rodata         0x0800325c       0xe4
                0x0800325c                . = ALIGN (0x4)
 *(.rodata)
 .rodata        0x0800325c        0x8 build/main.o
 .rodata        0x08003264       0x40 /home/niklas/Downloads/gcc-arm-none-eabi-4_8-2014q3/bin/../lib/gcc/arm-none-eabi/4.8.4/armv6-m/libgcc.a(divdf3.o)
 .rodata        0x080032a4       0x40 /home/niklas/Downloads/gcc-arm-none-eabi-4_8-2014q3/bin/../lib/gcc/arm-none-eabi/4.8.4/armv6-m/libgcc.a(muldf3.o)
 *(.rodata*)
 .rodata.AHBPrescTable
                0x080032e4       0x10 build/system_stm32l0xx.o
                0x080032e4                AHBPrescTable
 .rodata.PLLMulTable
                0x080032f4        0xc build/system_stm32l0xx.o
                0x080032f4                PLLMulTable
 .rodata.sx126x_SetModulationParams
                0x08003300       0x2c build/main.o
 .rodata.PongMsg
                0x0800332c        0x4 build/main.o
                0x0800332c                PongMsg
 .rodata.str1.4
                0x08003330        0xc build/main.o
 .rodata.PingMsg
                0x0800333c        0x4 build/main.o
                0x0800333c                PingMsg
                0x08003340                . = ALIGN (0x4)

.rel.dyn        0x08003340        0x0
 .rel.iplt      0x00000000        0x0 /home/niklas/Downloads/gcc-arm-none-eabi-4_8-2014q3/bin/../lib/gcc/arm-none-eabi/4.8.4/armv6-m/crtbegin.o

.ARM.extab
 *(.ARM.extab* .gnu.linkonce.armextab.*)

.ARM            0x08003340        0x0
                0x08003340                __exidx_start = .
 *(.ARM.exidx*)
                0x08003340                __exidx_end = .

.preinit_array  0x08003340        0x0
                0x08003340                PROVIDE (__preinit_array_start, .)
 *(.preinit_array*)
                0x08003340                PROVIDE (__preinit_array_end, .)

.init_array     0x08003340        0x4
                0x08003340                PROVIDE (__init_array_start, .)
 *(SORT(.init_array.*))
 *(.init_array*)
 .init_array    0x08003340        0x4 /home/niklas/Downloads/gcc-arm-none-eabi-4_8-2014q3/bin/../lib/gcc/arm-none-eabi/4.8.4/armv6-m/crtbegin.o
                0x08003344                PROVIDE (__init_array_end, .)

.fini_array     0x08003344        0x4
                0x08003344                PROVIDE (__fini_array_start, .)
 *(SORT(.fini_array.*))
 *(.fini_array*)
 .fini_array    0x08003344        0x4 /home/niklas/Downloads/gcc-arm-none-eabi-4_8-2014q3/bin/../lib/gcc/arm-none-eabi/4.8.4/armv6-m/crtbegin.o
                0x08003348                PROVIDE (__fini_array_end, .)
                0x08003348                _sidata = LOADADDR (.data)

.data           0x20000000       0x10 load address 0x08003348
                0x20000000                . = ALIGN (0x4)
                0x20000000                _sdata = .
 *(.data)
 *(.data*)
 .data.SystemCoreClock
                0x20000000        0x4 build/system_stm32l0xx.o
                0x20000000                SystemCoreClock
 .data.messageToReceive
                0x20000004        0x4 build/main.o
                0x20000004                messageToReceive
 .data.messageToSend
                0x20000008        0x4 build/main.o
                0x20000008                messageToSend
 .data.masterCanSend
                0x2000000c        0x1 build/main.o
                0x2000000c                masterCanSend
 .data.isMaster
                0x2000000d        0x1 build/main.o
                0x2000000d                isMaster
                0x20000010                . = ALIGN (0x4)
 *fill*         0x2000000e        0x2 
                0x20000010                _edata = .

.jcr            0x20000010        0x0 load address 0x08003358
 .jcr           0x20000010        0x0 /home/niklas/Downloads/gcc-arm-none-eabi-4_8-2014q3/bin/../lib/gcc/arm-none-eabi/4.8.4/armv6-m/crtbegin.o

.igot.plt       0x20000010        0x0 load address 0x08003358
 .igot.plt      0x00000000        0x0 /home/niklas/Downloads/gcc-arm-none-eabi-4_8-2014q3/bin/../lib/gcc/arm-none-eabi/4.8.4/armv6-m/crtbegin.o
                0x20000010                . = ALIGN (0x4)

.bss            0x20000010       0xdc load address 0x08003358
                0x20000010                _sbss = .
                0x20000010                __bss_start__ = _sbss
 *(.bss)
 .bss           0x20000010       0x1c /home/niklas/Downloads/gcc-arm-none-eabi-4_8-2014q3/bin/../lib/gcc/arm-none-eabi/4.8.4/armv6-m/crtbegin.o
 *(.bss*)
 .bss.ImageCalibrated
                0x2000002c        0x1 build/main.o
 .bss.State     0x2000002d        0x1 build/main.o
                0x2000002d                State
 *(COMMON)
 *fill*         0x2000002e        0x2 
 COMMON         0x20000030        0x4 build/stm32l0xx_hal.o
                0x20000030                uwTick
 COMMON         0x20000034       0xb8 build/main.o
                0x20000034                OperatingMode
                0x20000038                radioConfiguration
                0x20000074                Buffer
                0x20000094                hspi1
                0x200000ec                . = ALIGN (0x4)
                0x200000ec                _ebss = .
                0x200000ec                __bss_end__ = _ebss

._user_heap_stack
                0x200000ec      0x604 load address 0x08003358
                0x200000f0                . = ALIGN (0x8)
 *fill*         0x200000ec        0x4 
                0x200000f0                PROVIDE (end, .)
                0x200000f0                PROVIDE (_end, .)
                0x200002f0                . = (. + _Min_Heap_Size)
 *fill*         0x200000f0      0x200 
                0x200006f0                . = (. + _Min_Stack_Size)
 *fill*         0x200002f0      0x400 
                0x200006f0                . = ALIGN (0x8)

/DISCARD/
 libc.a(*)
 libm.a(*)
 libgcc.a(*)

.ARM.attributes
                0x00000000       0x28
 *(.ARM.attributes)
 .ARM.attributes
                0x00000000       0x1e /home/niklas/Downloads/gcc-arm-none-eabi-4_8-2014q3/bin/../lib/gcc/arm-none-eabi/4.8.4/armv6-m/crti.o
 .ARM.attributes
                0x0000001e       0x2c /home/niklas/Downloads/gcc-arm-none-eabi-4_8-2014q3/bin/../lib/gcc/arm-none-eabi/4.8.4/armv6-m/crtbegin.o
 .ARM.attributes
                0x0000004a       0x32 build/stm32l0xx_hal_spi.o
 .ARM.attributes
                0x0000007c       0x32 build/system_stm32l0xx.o
 .ARM.attributes
                0x000000ae       0x32 build/stm32l0xx_it.o
 .ARM.attributes
                0x000000e0       0x32 build/stm32l0xx_hal.o
 .ARM.attributes
                0x00000112       0x32 build/stm32l0xx_hal_cortex.o
 .ARM.attributes
                0x00000144       0x32 build/stm32l0xx_hal_gpio.o
 .ARM.attributes
                0x00000176       0x32 build/stm32l0xx_hal_msp.o
 .ARM.attributes
                0x000001a8       0x32 build/stm32l0xx_hal_rcc.o
 .ARM.attributes
                0x000001da       0x32 build/main.o
 .ARM.attributes
                0x0000020c       0x22 build/startup_stm32l053xx.o
 .ARM.attributes
                0x0000022e       0x2c /home/niklas/Downloads/gcc-arm-none-eabi-4_8-2014q3/bin/../lib/gcc/arm-none-eabi/4.8.4/../../../../arm-none-eabi/lib/armv6-m/libc_s.a(lib_a-init.o)
 .ARM.attributes
                0x0000025a       0x2c /home/niklas/Downloads/gcc-arm-none-eabi-4_8-2014q3/bin/../lib/gcc/arm-none-eabi/4.8.4/../../../../arm-none-eabi/lib/armv6-m/libc_s.a(lib_a-memcpy-stub.o)
 .ARM.attributes
                0x00000286       0x1e /home/niklas/Downloads/gcc-arm-none-eabi-4_8-2014q3/bin/../lib/gcc/arm-none-eabi/4.8.4/armv6-m/libgcc.a(_udivsi3.o)
 .ARM.attributes
                0x000002a4       0x1e /home/niklas/Downloads/gcc-arm-none-eabi-4_8-2014q3/bin/../lib/gcc/arm-none-eabi/4.8.4/armv6-m/libgcc.a(_dvmd_tls.o)
 .ARM.attributes
                0x000002c2       0x2c /home/niklas/Downloads/gcc-arm-none-eabi-4_8-2014q3/bin/../lib/gcc/arm-none-eabi/4.8.4/armv6-m/libgcc.a(_fixunsdfsi.o)
 .ARM.attributes
                0x000002ee       0x2c /home/niklas/Downloads/gcc-arm-none-eabi-4_8-2014q3/bin/../lib/gcc/arm-none-eabi/4.8.4/armv6-m/libgcc.a(divdf3.o)
 .ARM.attributes
                0x0000031a       0x2c /home/niklas/Downloads/gcc-arm-none-eabi-4_8-2014q3/bin/../lib/gcc/arm-none-eabi/4.8.4/armv6-m/libgcc.a(muldf3.o)
 .ARM.attributes
                0x00000346       0x2c /home/niklas/Downloads/gcc-arm-none-eabi-4_8-2014q3/bin/../lib/gcc/arm-none-eabi/4.8.4/armv6-m/libgcc.a(subdf3.o)
 .ARM.attributes
                0x00000372       0x2c /home/niklas/Downloads/gcc-arm-none-eabi-4_8-2014q3/bin/../lib/gcc/arm-none-eabi/4.8.4/armv6-m/libgcc.a(fixdfsi.o)
 .ARM.attributes
                0x0000039e       0x2c /home/niklas/Downloads/gcc-arm-none-eabi-4_8-2014q3/bin/../lib/gcc/arm-none-eabi/4.8.4/armv6-m/libgcc.a(floatunsidf.o)
 .ARM.attributes
                0x000003ca       0x1e /home/niklas/Downloads/gcc-arm-none-eabi-4_8-2014q3/bin/../lib/gcc/arm-none-eabi/4.8.4/armv6-m/libgcc.a(_arm_cmpdf2.o)
 .ARM.attributes
                0x000003e8       0x1e /home/niklas/Downloads/gcc-arm-none-eabi-4_8-2014q3/bin/../lib/gcc/arm-none-eabi/4.8.4/armv6-m/libgcc.a(_clzsi2.o)
 .ARM.attributes
                0x00000406       0x2c /home/niklas/Downloads/gcc-arm-none-eabi-4_8-2014q3/bin/../lib/gcc/arm-none-eabi/4.8.4/armv6-m/libgcc.a(eqdf2.o)
 .ARM.attributes
                0x00000432       0x2c /home/niklas/Downloads/gcc-arm-none-eabi-4_8-2014q3/bin/../lib/gcc/arm-none-eabi/4.8.4/armv6-m/libgcc.a(gedf2.o)
 .ARM.attributes
                0x0000045e       0x2c /home/niklas/Downloads/gcc-arm-none-eabi-4_8-2014q3/bin/../lib/gcc/arm-none-eabi/4.8.4/armv6-m/libgcc.a(ledf2.o)
 .ARM.attributes
                0x0000048a       0x1e /home/niklas/Downloads/gcc-arm-none-eabi-4_8-2014q3/bin/../lib/gcc/arm-none-eabi/4.8.4/armv6-m/crtn.o
OUTPUT(build/l053test.elf elf32-littlearm)

.debug_info     0x00000000     0x7508
 .debug_info    0x00000000     0x167a build/stm32l0xx_hal_spi.o
 .debug_info    0x0000167a      0x3b8 build/system_stm32l0xx.o
 .debug_info    0x00001a32      0x166 build/stm32l0xx_it.o
 .debug_info    0x00001b98      0x822 build/stm32l0xx_hal.o
 .debug_info    0x000023ba      0x927 build/stm32l0xx_hal_cortex.o
 .debug_info    0x00002ce1      0x6a6 build/stm32l0xx_hal_gpio.o
 .debug_info    0x00003387      0x9fc build/stm32l0xx_hal_msp.o
 .debug_info    0x00003d83      0xc2c build/stm32l0xx_hal_rcc.o
 .debug_info    0x000049af     0x2af1 build/main.o
 .debug_info    0x000074a0       0x68 build/startup_stm32l053xx.o

.debug_abbrev   0x00000000     0x121d
 .debug_abbrev  0x00000000      0x276 build/stm32l0xx_hal_spi.o
 .debug_abbrev  0x00000276       0xf2 build/system_stm32l0xx.o
 .debug_abbrev  0x00000368       0xb6 build/stm32l0xx_it.o
 .debug_abbrev  0x0000041e      0x233 build/stm32l0xx_hal.o
 .debug_abbrev  0x00000651      0x23f build/stm32l0xx_hal_cortex.o
 .debug_abbrev  0x00000890      0x1fe build/stm32l0xx_hal_gpio.o
 .debug_abbrev  0x00000a8e      0x17a build/stm32l0xx_hal_msp.o
 .debug_abbrev  0x00000c08      0x27d build/stm32l0xx_hal_rcc.o
 .debug_abbrev  0x00000e85      0x386 build/main.o
 .debug_abbrev  0x0000120b       0x12 build/startup_stm32l053xx.o

.debug_loc      0x00000000     0x3154
 .debug_loc     0x00000000     0x12dd build/stm32l0xx_hal_spi.o
 .debug_loc     0x000012dd      0x179 build/system_stm32l0xx.o
 .debug_loc     0x00001456       0x40 build/stm32l0xx_it.o
 .debug_loc     0x00001496      0x138 build/stm32l0xx_hal.o
 .debug_loc     0x000015ce      0x309 build/stm32l0xx_hal_cortex.o
 .debug_loc     0x000018d7      0x454 build/stm32l0xx_hal_gpio.o
 .debug_loc     0x00001d2b       0xae build/stm32l0xx_hal_msp.o
 .debug_loc     0x00001dd9      0x86a build/stm32l0xx_hal_rcc.o
 .debug_loc     0x00002643      0xb11 build/main.o

.debug_aranges  0x00000000      0x598
 .debug_aranges
                0x00000000      0x150 build/stm32l0xx_hal_spi.o
 .debug_aranges
                0x00000150       0x28 build/system_stm32l0xx.o
 .debug_aranges
                0x00000178       0x48 build/stm32l0xx_it.o
 .debug_aranges
                0x000001c0       0xe0 build/stm32l0xx_hal.o
 .debug_aranges
                0x000002a0       0x80 build/stm32l0xx_hal_cortex.o
 .debug_aranges
                0x00000320       0x58 build/stm32l0xx_hal_gpio.o
 .debug_aranges
                0x00000378       0x30 build/stm32l0xx_hal_msp.o
 .debug_aranges
                0x000003a8       0x88 build/stm32l0xx_hal_rcc.o
 .debug_aranges
                0x00000430      0x140 build/main.o
 .debug_aranges
                0x00000570       0x28 build/startup_stm32l053xx.o

.debug_ranges   0x00000000      0x518
 .debug_ranges  0x00000000      0x140 build/stm32l0xx_hal_spi.o
 .debug_ranges  0x00000140       0x18 build/system_stm32l0xx.o
 .debug_ranges  0x00000158       0x38 build/stm32l0xx_it.o
 .debug_ranges  0x00000190       0xd0 build/stm32l0xx_hal.o
 .debug_ranges  0x00000260       0x70 build/stm32l0xx_hal_cortex.o
 .debug_ranges  0x000002d0       0x48 build/stm32l0xx_hal_gpio.o
 .debug_ranges  0x00000318       0x20 build/stm32l0xx_hal_msp.o
 .debug_ranges  0x00000338       0x90 build/stm32l0xx_hal_rcc.o
 .debug_ranges  0x000003c8      0x130 build/main.o
 .debug_ranges  0x000004f8       0x20 build/startup_stm32l053xx.o

.debug_line     0x00000000     0x2542
 .debug_line    0x00000000      0xa18 build/stm32l0xx_hal_spi.o
 .debug_line    0x00000a18      0x195 build/system_stm32l0xx.o
 .debug_line    0x00000bad      0x1bc build/stm32l0xx_it.o
 .debug_line    0x00000d69      0x3aa build/stm32l0xx_hal.o
 .debug_line    0x00001113      0x33f build/stm32l0xx_hal_cortex.o
 .debug_line    0x00001452      0x2f1 build/stm32l0xx_hal_gpio.o
 .debug_line    0x00001743      0x209 build/stm32l0xx_hal_msp.o
 .debug_line    0x0000194c      0x57f build/stm32l0xx_hal_rcc.o
 .debug_line    0x00001ecb      0x5ff build/main.o
 .debug_line    0x000024ca       0x78 build/startup_stm32l053xx.o

.debug_str      0x00000000     0x2819
 .debug_str     0x00000000      0x8c1 build/stm32l0xx_hal_spi.o
                                0x977 (size before relaxing)
 .debug_str     0x000008c1      0x153 build/system_stm32l0xx.o
                                0x2e1 (size before relaxing)
 .debug_str     0x00000a14       0xac build/stm32l0xx_it.o
                                0x223 (size before relaxing)
 .debug_str     0x00000ac0      0x4e0 build/stm32l0xx_hal.o
                                0x75f (size before relaxing)
 .debug_str     0x00000fa0      0x26c build/stm32l0xx_hal_cortex.o
                                0x6cf (size before relaxing)
 .debug_str     0x0000120c      0x182 build/stm32l0xx_hal_gpio.o
                                0x445 (size before relaxing)
 .debug_str     0x0000138e       0x28 build/stm32l0xx_hal_msp.o
                                0x863 (size before relaxing)
 .debug_str     0x000013b6      0x31f build/stm32l0xx_hal_rcc.o
                                0x6df (size before relaxing)
 .debug_str     0x000016d5     0x1144 build/main.o
                               0x1c0e (size before relaxing)

.comment        0x00000000       0x70
 .comment       0x00000000       0x70 build/stm32l0xx_hal_spi.o
                                 0x71 (size before relaxing)
 .comment       0x00000000       0x71 build/system_stm32l0xx.o
 .comment       0x00000000       0x71 build/stm32l0xx_it.o
 .comment       0x00000000       0x71 build/stm32l0xx_hal.o
 .comment       0x00000000       0x71 build/stm32l0xx_hal_cortex.o
 .comment       0x00000000       0x71 build/stm32l0xx_hal_gpio.o
 .comment       0x00000000       0x71 build/stm32l0xx_hal_msp.o
 .comment       0x00000000       0x71 build/stm32l0xx_hal_rcc.o
 .comment       0x00000000       0x71 build/main.o

.debug_frame    0x00000000     0x10ec
 .debug_frame   0x00000000      0x40c build/stm32l0xx_hal_spi.o
 .debug_frame   0x0000040c       0x3c build/system_stm32l0xx.o
 .debug_frame   0x00000448       0x88 build/stm32l0xx_it.o
 .debug_frame   0x000004d0      0x1d0 build/stm32l0xx_hal.o
 .debug_frame   0x000006a0       0xfc build/stm32l0xx_hal_cortex.o
 .debug_frame   0x0000079c       0xe8 build/stm32l0xx_hal_gpio.o
 .debug_frame   0x00000884       0x64 build/stm32l0xx_hal_msp.o
 .debug_frame   0x000008e8      0x18c build/stm32l0xx_hal_rcc.o
 .debug_frame   0x00000a74      0x420 build/main.o
 .debug_frame   0x00000e94       0x2c /home/niklas/Downloads/gcc-arm-none-eabi-4_8-2014q3/bin/../lib/gcc/arm-none-eabi/4.8.4/../../../../arm-none-eabi/lib/armv6-m/libc_s.a(lib_a-init.o)
 .debug_frame   0x00000ec0       0x28 /home/niklas/Downloads/gcc-arm-none-eabi-4_8-2014q3/bin/../lib/gcc/arm-none-eabi/4.8.4/../../../../arm-none-eabi/lib/armv6-m/libc_s.a(lib_a-memcpy-stub.o)
 .debug_frame   0x00000ee8       0x20 /home/niklas/Downloads/gcc-arm-none-eabi-4_8-2014q3/bin/../lib/gcc/arm-none-eabi/4.8.4/armv6-m/libgcc.a(_udivsi3.o)
 .debug_frame   0x00000f08       0x2c /home/niklas/Downloads/gcc-arm-none-eabi-4_8-2014q3/bin/../lib/gcc/arm-none-eabi/4.8.4/armv6-m/libgcc.a(_fixunsdfsi.o)
 .debug_frame   0x00000f34       0x3c /home/niklas/Downloads/gcc-arm-none-eabi-4_8-2014q3/bin/../lib/gcc/arm-none-eabi/4.8.4/armv6-m/libgcc.a(divdf3.o)
 .debug_frame   0x00000f70       0x3c /home/niklas/Downloads/gcc-arm-none-eabi-4_8-2014q3/bin/../lib/gcc/arm-none-eabi/4.8.4/armv6-m/libgcc.a(muldf3.o)
 .debug_frame   0x00000fac       0x3c /home/niklas/Downloads/gcc-arm-none-eabi-4_8-2014q3/bin/../lib/gcc/arm-none-eabi/4.8.4/armv6-m/libgcc.a(subdf3.o)
 .debug_frame   0x00000fe8       0x2c /home/niklas/Downloads/gcc-arm-none-eabi-4_8-2014q3/bin/../lib/gcc/arm-none-eabi/4.8.4/armv6-m/libgcc.a(fixdfsi.o)
 .debug_frame   0x00001014       0x28 /home/niklas/Downloads/gcc-arm-none-eabi-4_8-2014q3/bin/../lib/gcc/arm-none-eabi/4.8.4/armv6-m/libgcc.a(floatunsidf.o)
 .debug_frame   0x0000103c       0x3c /home/niklas/Downloads/gcc-arm-none-eabi-4_8-2014q3/bin/../lib/gcc/arm-none-eabi/4.8.4/armv6-m/libgcc.a(eqdf2.o)
 .debug_frame   0x00001078       0x38 /home/niklas/Downloads/gcc-arm-none-eabi-4_8-2014q3/bin/../lib/gcc/arm-none-eabi/4.8.4/armv6-m/libgcc.a(gedf2.o)
 .debug_frame   0x000010b0       0x3c /home/niklas/Downloads/gcc-arm-none-eabi-4_8-2014q3/bin/../lib/gcc/arm-none-eabi/4.8.4/armv6-m/libgcc.a(ledf2.o)

Cross Reference Table

Symbol                                            File
ADC1_COMP_IRQHandler                              build/startup_stm32l053xx.o
AHBPrescTable                                     build/system_stm32l0xx.o
                                                  build/stm32l0xx_hal_rcc.o
APBPrescTable                                     build/system_stm32l0xx.o
                                                  build/stm32l0xx_hal_rcc.o
Buffer                                            build/main.o
BufferSize                                        build/main.o
ConfigureGeneralRadio                             build/main.o
ConfigureRadioTx                                  build/main.o
DMA1_Channel1_IRQHandler                          build/startup_stm32l053xx.o
DMA1_Channel2_3_IRQHandler                        build/startup_stm32l053xx.o
DMA1_Channel4_5_6_7_IRQHandler                    build/startup_stm32l053xx.o
Default_Handler                                   build/startup_stm32l053xx.o
EXTI0_1_IRQHandler                                build/startup_stm32l053xx.o
EXTI2_3_IRQHandler                                build/startup_stm32l053xx.o
EXTI4_15_IRQHandler                               build/stm32l0xx_it.o
FLASH_IRQHandler                                  build/startup_stm32l053xx.o
FLASH_PageErase                                   build/stm32l0xx_hal_flash_ex.o
                                                  build/stm32l0xx_hal_flash.o
FLASH_WaitForLastOperation                        build/stm32l0xx_hal_flash.o
                                                  build/stm32l0xx_hal_flash_ex.o
HAL_DBGMCU_DBG_DisableLowPowerConfig              build/stm32l0xx_hal.o
HAL_DBGMCU_DBG_EnableLowPowerConfig               build/stm32l0xx_hal.o
HAL_DBGMCU_DisableDBGSleepMode                    build/stm32l0xx_hal.o
HAL_DBGMCU_DisableDBGStandbyMode                  build/stm32l0xx_hal.o
HAL_DBGMCU_DisableDBGStopMode                     build/stm32l0xx_hal.o
HAL_DBGMCU_EnableDBGSleepMode                     build/stm32l0xx_hal.o
HAL_DBGMCU_EnableDBGStandbyMode                   build/stm32l0xx_hal.o
HAL_DBGMCU_EnableDBGStopMode                      build/stm32l0xx_hal.o
HAL_DMA_Abort                                     build/stm32l0xx_hal_dma.o
                                                  build/stm32l0xx_hal_spi.o
HAL_DMA_Abort_IT                                  build/stm32l0xx_hal_dma.o
                                                  build/stm32l0xx_hal_i2c.o
HAL_DMA_DeInit                                    build/stm32l0xx_hal_dma.o
HAL_DMA_GetError                                  build/stm32l0xx_hal_dma.o
HAL_DMA_GetState                                  build/stm32l0xx_hal_dma.o
HAL_DMA_IRQHandler                                build/stm32l0xx_hal_dma.o
HAL_DMA_Init                                      build/stm32l0xx_hal_dma.o
HAL_DMA_PollForTransfer                           build/stm32l0xx_hal_dma.o
HAL_DMA_Start                                     build/stm32l0xx_hal_dma.o
HAL_DMA_Start_IT                                  build/stm32l0xx_hal_dma.o
                                                  build/stm32l0xx_hal_spi.o
                                                  build/stm32l0xx_hal_i2c.o
HAL_DeInit                                        build/stm32l0xx_hal.o
HAL_Delay                                         build/stm32l0xx_hal.o
                                                  build/main.o
HAL_FLASHEx_AdvOBGetConfig                        build/stm32l0xx_hal_flash_ex.o
HAL_FLASHEx_AdvOBProgram                          build/stm32l0xx_hal_flash_ex.o
HAL_FLASHEx_DATAEEPROM_DisableFixedTimeProgram    build/stm32l0xx_hal_flash_ex.o
HAL_FLASHEx_DATAEEPROM_EnableFixedTimeProgram     build/stm32l0xx_hal_flash_ex.o
HAL_FLASHEx_DATAEEPROM_Erase                      build/stm32l0xx_hal_flash_ex.o
HAL_FLASHEx_DATAEEPROM_Lock                       build/stm32l0xx_hal_flash_ex.o
HAL_FLASHEx_DATAEEPROM_Program                    build/stm32l0xx_hal_flash_ex.o
HAL_FLASHEx_DATAEEPROM_Unlock                     build/stm32l0xx_hal_flash_ex.o
HAL_FLASHEx_DisableRunPowerDown                   build/stm32l0xx_hal_flash_ramfunc.o
HAL_FLASHEx_EnableRunPowerDown                    build/stm32l0xx_hal_flash_ramfunc.o
HAL_FLASHEx_Erase                                 build/stm32l0xx_hal_flash_ex.o
HAL_FLASHEx_Erase_IT                              build/stm32l0xx_hal_flash_ex.o
HAL_FLASHEx_GetError                              build/stm32l0xx_hal_flash_ramfunc.o
HAL_FLASHEx_HalfPageProgram                       build/stm32l0xx_hal_flash_ramfunc.o
HAL_FLASHEx_OBGetConfig                           build/stm32l0xx_hal_flash_ex.o
HAL_FLASHEx_OBProgram                             build/stm32l0xx_hal_flash_ex.o
HAL_FLASHEx_OB_DeSelectPCROP                      build/stm32l0xx_hal_flash_ex.o
HAL_FLASHEx_OB_SelectPCROP                        build/stm32l0xx_hal_flash_ex.o
HAL_FLASH_EndOfOperationCallback                  build/stm32l0xx_hal_flash.o
HAL_FLASH_GetError                                build/stm32l0xx_hal_flash.o
HAL_FLASH_IRQHandler                              build/stm32l0xx_hal_flash.o
HAL_FLASH_Lock                                    build/stm32l0xx_hal_flash.o
HAL_FLASH_OB_Launch                               build/stm32l0xx_hal_flash.o
HAL_FLASH_OB_Lock                                 build/stm32l0xx_hal_flash.o
HAL_FLASH_OB_Unlock                               build/stm32l0xx_hal_flash.o
HAL_FLASH_OperationErrorCallback                  build/stm32l0xx_hal_flash.o
HAL_FLASH_Program                                 build/stm32l0xx_hal_flash.o
HAL_FLASH_Program_IT                              build/stm32l0xx_hal_flash.o
HAL_FLASH_Unlock                                  build/stm32l0xx_hal_flash.o
HAL_GPIO_DeInit                                   build/stm32l0xx_hal_gpio.o
                                                  build/stm32l0xx_hal_msp.o
HAL_GPIO_EXTI_Callback                            build/stm32l0xx_hal_gpio.o
HAL_GPIO_EXTI_IRQHandler                          build/stm32l0xx_hal_gpio.o
                                                  build/stm32l0xx_it.o
HAL_GPIO_Init                                     build/stm32l0xx_hal_gpio.o
                                                  build/main.o
                                                  build/stm32l0xx_hal_rcc.o
                                                  build/stm32l0xx_hal_msp.o
HAL_GPIO_LockPin                                  build/stm32l0xx_hal_gpio.o
HAL_GPIO_ReadPin                                  build/stm32l0xx_hal_gpio.o
                                                  build/main.o
HAL_GPIO_TogglePin                                build/stm32l0xx_hal_gpio.o
HAL_GPIO_WritePin                                 build/stm32l0xx_hal_gpio.o
                                                  build/main.o
HAL_GetDEVID                                      build/stm32l0xx_hal.o
HAL_GetHalVersion                                 build/stm32l0xx_hal.o
HAL_GetREVID                                      build/stm32l0xx_hal.o
HAL_GetTick                                       build/stm32l0xx_hal.o
                                                  build/stm32l0xx_hal_rcc.o
                                                  build/stm32l0xx_hal_rcc_ex.o
                                                  build/stm32l0xx_hal_spi.o
                                                  build/stm32l0xx_hal_dma.o
                                                  build/stm32l0xx_hal_i2c.o
                                                  build/stm32l0xx_hal_flash.o
HAL_I2CEx_ConfigAnalogFilter                      build/stm32l0xx_hal_i2c_ex.o
HAL_I2CEx_ConfigDigitalFilter                     build/stm32l0xx_hal_i2c_ex.o
HAL_I2CEx_DisableFastModePlus                     build/stm32l0xx_hal_i2c_ex.o
HAL_I2CEx_DisableWakeUp                           build/stm32l0xx_hal_i2c_ex.o
HAL_I2CEx_EnableFastModePlus                      build/stm32l0xx_hal_i2c_ex.o
HAL_I2CEx_EnableWakeUp                            build/stm32l0xx_hal_i2c_ex.o
HAL_I2C_AbortCpltCallback                         build/stm32l0xx_hal_i2c.o
HAL_I2C_AddrCallback                              build/stm32l0xx_hal_i2c.o
HAL_I2C_DeInit                                    build/stm32l0xx_hal_i2c.o
HAL_I2C_DisableListen_IT                          build/stm32l0xx_hal_i2c.o
HAL_I2C_ER_IRQHandler                             build/stm32l0xx_hal_i2c.o
HAL_I2C_EV_IRQHandler                             build/stm32l0xx_hal_i2c.o
HAL_I2C_EnableListen_IT                           build/stm32l0xx_hal_i2c.o
HAL_I2C_ErrorCallback                             build/stm32l0xx_hal_i2c.o
HAL_I2C_GetError                                  build/stm32l0xx_hal_i2c.o
HAL_I2C_GetMode                                   build/stm32l0xx_hal_i2c.o
HAL_I2C_GetState                                  build/stm32l0xx_hal_i2c.o
HAL_I2C_Init                                      build/stm32l0xx_hal_i2c.o
HAL_I2C_IsDeviceReady                             build/stm32l0xx_hal_i2c.o
HAL_I2C_ListenCpltCallback                        build/stm32l0xx_hal_i2c.o
HAL_I2C_MasterRxCpltCallback                      build/stm32l0xx_hal_i2c.o
HAL_I2C_MasterTxCpltCallback                      build/stm32l0xx_hal_i2c.o
HAL_I2C_Master_Abort_IT                           build/stm32l0xx_hal_i2c.o
HAL_I2C_Master_Receive                            build/stm32l0xx_hal_i2c.o
HAL_I2C_Master_Receive_DMA                        build/stm32l0xx_hal_i2c.o
HAL_I2C_Master_Receive_IT                         build/stm32l0xx_hal_i2c.o
HAL_I2C_Master_Sequential_Receive_IT              build/stm32l0xx_hal_i2c.o
HAL_I2C_Master_Sequential_Transmit_IT             build/stm32l0xx_hal_i2c.o
HAL_I2C_Master_Transmit                           build/stm32l0xx_hal_i2c.o
HAL_I2C_Master_Transmit_DMA                       build/stm32l0xx_hal_i2c.o
HAL_I2C_Master_Transmit_IT                        build/stm32l0xx_hal_i2c.o
HAL_I2C_MemRxCpltCallback                         build/stm32l0xx_hal_i2c.o
HAL_I2C_MemTxCpltCallback                         build/stm32l0xx_hal_i2c.o
HAL_I2C_Mem_Read                                  build/stm32l0xx_hal_i2c.o
HAL_I2C_Mem_Read_DMA                              build/stm32l0xx_hal_i2c.o
HAL_I2C_Mem_Read_IT                               build/stm32l0xx_hal_i2c.o
HAL_I2C_Mem_Write                                 build/stm32l0xx_hal_i2c.o
HAL_I2C_Mem_Write_DMA                             build/stm32l0xx_hal_i2c.o
HAL_I2C_Mem_Write_IT                              build/stm32l0xx_hal_i2c.o
HAL_I2C_MspDeInit                                 build/stm32l0xx_hal_i2c.o
HAL_I2C_MspInit                                   build/stm32l0xx_hal_i2c.o
HAL_I2C_SlaveRxCpltCallback                       build/stm32l0xx_hal_i2c.o
HAL_I2C_SlaveTxCpltCallback                       build/stm32l0xx_hal_i2c.o
HAL_I2C_Slave_Receive                             build/stm32l0xx_hal_i2c.o
HAL_I2C_Slave_Receive_DMA                         build/stm32l0xx_hal_i2c.o
HAL_I2C_Slave_Receive_IT                          build/stm32l0xx_hal_i2c.o
HAL_I2C_Slave_Sequential_Receive_IT               build/stm32l0xx_hal_i2c.o
HAL_I2C_Slave_Sequential_Transmit_IT              build/stm32l0xx_hal_i2c.o
HAL_I2C_Slave_Transmit                            build/stm32l0xx_hal_i2c.o
HAL_I2C_Slave_Transmit_DMA                        build/stm32l0xx_hal_i2c.o
HAL_I2C_Slave_Transmit_IT                         build/stm32l0xx_hal_i2c.o
HAL_IncTick                                       build/stm32l0xx_hal.o
                                                  build/stm32l0xx_it.o
HAL_Init                                          build/stm32l0xx_hal.o
                                                  build/main.o
HAL_InitTick                                      build/stm32l0xx_hal.o
                                                  build/stm32l0xx_hal_rcc.o
HAL_MPU_ConfigRegion                              build/stm32l0xx_hal_cortex.o
HAL_MspDeInit                                     build/stm32l0xx_hal.o
HAL_MspInit                                       build/stm32l0xx_hal_msp.o
                                                  build/stm32l0xx_hal.o
HAL_NVIC_ClearPendingIRQ                          build/stm32l0xx_hal_cortex.o
HAL_NVIC_DisableIRQ                               build/stm32l0xx_hal_cortex.o
HAL_NVIC_EnableIRQ                                build/stm32l0xx_hal_cortex.o
                                                  build/main.o
HAL_NVIC_GetPendingIRQ                            build/stm32l0xx_hal_cortex.o
HAL_NVIC_GetPriority                              build/stm32l0xx_hal_cortex.o
HAL_NVIC_SetPendingIRQ                            build/stm32l0xx_hal_cortex.o
HAL_NVIC_SetPriority                              build/stm32l0xx_hal_cortex.o
                                                  build/main.o
                                                  build/stm32l0xx_hal_msp.o
                                                  build/stm32l0xx_hal.o
HAL_NVIC_SystemReset                              build/stm32l0xx_hal_cortex.o
HAL_PWREx_DisableFastWakeUp                       build/stm32l0xx_hal_pwr_ex.o
HAL_PWREx_DisableLowPowerRunMode                  build/stm32l0xx_hal_pwr_ex.o
HAL_PWREx_DisableUltraLowPower                    build/stm32l0xx_hal_pwr_ex.o
HAL_PWREx_EnableFastWakeUp                        build/stm32l0xx_hal_pwr_ex.o
HAL_PWREx_EnableLowPowerRunMode                   build/stm32l0xx_hal_pwr_ex.o
HAL_PWREx_EnableUltraLowPower                     build/stm32l0xx_hal_pwr_ex.o
HAL_PWREx_GetVoltageRange                         build/stm32l0xx_hal_pwr_ex.o
HAL_PWR_ConfigPVD                                 build/stm32l0xx_hal_pwr.o
HAL_PWR_DeInit                                    build/stm32l0xx_hal_pwr.o
HAL_PWR_DisableBkUpAccess                         build/stm32l0xx_hal_pwr.o
HAL_PWR_DisablePVD                                build/stm32l0xx_hal_pwr.o
HAL_PWR_DisableSEVOnPend                          build/stm32l0xx_hal_pwr.o
HAL_PWR_DisableSleepOnExit                        build/stm32l0xx_hal_pwr.o
HAL_PWR_DisableWakeUpPin                          build/stm32l0xx_hal_pwr.o
HAL_PWR_EnableBkUpAccess                          build/stm32l0xx_hal_pwr.o
HAL_PWR_EnablePVD                                 build/stm32l0xx_hal_pwr.o
HAL_PWR_EnableSEVOnPend                           build/stm32l0xx_hal_pwr.o
HAL_PWR_EnableSleepOnExit                         build/stm32l0xx_hal_pwr.o
HAL_PWR_EnableWakeUpPin                           build/stm32l0xx_hal_pwr.o
HAL_PWR_EnterSLEEPMode                            build/stm32l0xx_hal_pwr.o
HAL_PWR_EnterSTANDBYMode                          build/stm32l0xx_hal_pwr.o
HAL_PWR_EnterSTOPMode                             build/stm32l0xx_hal_pwr.o
HAL_PWR_PVDCallback                               build/stm32l0xx_hal_pwr.o
HAL_PWR_PVD_IRQHandler                            build/stm32l0xx_hal_pwr.o
HAL_RCCEx_CRSConfig                               build/stm32l0xx_hal_rcc_ex.o
HAL_RCCEx_CRSGetSynchronizationInfo               build/stm32l0xx_hal_rcc_ex.o
HAL_RCCEx_CRSSoftwareSynchronizationGenerate      build/stm32l0xx_hal_rcc_ex.o
HAL_RCCEx_CRSWaitSynchronization                  build/stm32l0xx_hal_rcc_ex.o
HAL_RCCEx_CRS_ErrorCallback                       build/stm32l0xx_hal_rcc_ex.o
HAL_RCCEx_CRS_ExpectedSyncCallback                build/stm32l0xx_hal_rcc_ex.o
HAL_RCCEx_CRS_IRQHandler                          build/stm32l0xx_hal_rcc_ex.o
HAL_RCCEx_CRS_SyncOkCallback                      build/stm32l0xx_hal_rcc_ex.o
HAL_RCCEx_CRS_SyncWarnCallback                    build/stm32l0xx_hal_rcc_ex.o
HAL_RCCEx_DisableHSI48_VREFINT                    build/stm32l0xx_hal_rcc_ex.o
HAL_RCCEx_DisableLSECSS                           build/stm32l0xx_hal_rcc_ex.o
HAL_RCCEx_EnableHSI48_VREFINT                     build/stm32l0xx_hal_rcc_ex.o
HAL_RCCEx_EnableLSECSS                            build/stm32l0xx_hal_rcc_ex.o
HAL_RCCEx_EnableLSECSS_IT                         build/stm32l0xx_hal_rcc_ex.o
HAL_RCCEx_GetPeriphCLKConfig                      build/stm32l0xx_hal_rcc_ex.o
HAL_RCCEx_GetPeriphCLKFreq                        build/stm32l0xx_hal_rcc_ex.o
HAL_RCCEx_LSECSS_Callback                         build/stm32l0xx_hal_rcc_ex.o
HAL_RCCEx_LSECSS_IRQHandler                       build/stm32l0xx_hal_rcc_ex.o
HAL_RCCEx_PeriphCLKConfig                         build/stm32l0xx_hal_rcc_ex.o
HAL_RCC_CSSCallback                               build/stm32l0xx_hal_rcc.o
HAL_RCC_ClockConfig                               build/stm32l0xx_hal_rcc.o
                                                  build/main.o
HAL_RCC_DeInit                                    build/stm32l0xx_hal_rcc.o
HAL_RCC_EnableCSS                                 build/stm32l0xx_hal_rcc.o
HAL_RCC_GetClockConfig                            build/stm32l0xx_hal_rcc.o
HAL_RCC_GetHCLKFreq                               build/stm32l0xx_hal_rcc.o
                                                  build/main.o
HAL_RCC_GetOscConfig                              build/stm32l0xx_hal_rcc.o
HAL_RCC_GetPCLK1Freq                              build/stm32l0xx_hal_rcc.o
                                                  build/stm32l0xx_hal_rcc_ex.o
HAL_RCC_GetPCLK2Freq                              build/stm32l0xx_hal_rcc.o
                                                  build/stm32l0xx_hal_rcc_ex.o
HAL_RCC_GetSysClockFreq                           build/stm32l0xx_hal_rcc.o
                                                  build/stm32l0xx_hal_rcc_ex.o
HAL_RCC_MCOConfig                                 build/stm32l0xx_hal_rcc.o
HAL_RCC_NMI_IRQHandler                            build/stm32l0xx_hal_rcc.o
HAL_RCC_OscConfig                                 build/stm32l0xx_hal_rcc.o
                                                  build/main.o
HAL_ResumeTick                                    build/stm32l0xx_hal.o
HAL_SPI_DMAPause                                  build/stm32l0xx_hal_spi.o
HAL_SPI_DMAResume                                 build/stm32l0xx_hal_spi.o
HAL_SPI_DMAStop                                   build/stm32l0xx_hal_spi.o
HAL_SPI_DeInit                                    build/stm32l0xx_hal_spi.o
HAL_SPI_ErrorCallback                             build/stm32l0xx_hal_spi.o
HAL_SPI_GetError                                  build/stm32l0xx_hal_spi.o
HAL_SPI_GetState                                  build/stm32l0xx_hal_spi.o
HAL_SPI_IRQHandler                                build/stm32l0xx_hal_spi.o
HAL_SPI_Init                                      build/stm32l0xx_hal_spi.o
                                                  build/main.o
HAL_SPI_MspDeInit                                 build/stm32l0xx_hal_msp.o
                                                  build/stm32l0xx_hal_spi.o
HAL_SPI_MspInit                                   build/stm32l0xx_hal_msp.o
                                                  build/stm32l0xx_hal_spi.o
HAL_SPI_Receive                                   build/stm32l0xx_hal_spi.o
HAL_SPI_Receive_DMA                               build/stm32l0xx_hal_spi.o
HAL_SPI_Receive_IT                                build/stm32l0xx_hal_spi.o
HAL_SPI_RxCpltCallback                            build/stm32l0xx_hal_spi.o
HAL_SPI_RxHalfCpltCallback                        build/stm32l0xx_hal_spi.o
HAL_SPI_Transmit                                  build/stm32l0xx_hal_spi.o
                                                  build/main.o
HAL_SPI_TransmitReceive                           build/stm32l0xx_hal_spi.o
HAL_SPI_TransmitReceive_DMA                       build/stm32l0xx_hal_spi.o
HAL_SPI_TransmitReceive_IT                        build/stm32l0xx_hal_spi.o
HAL_SPI_Transmit_DMA                              build/stm32l0xx_hal_spi.o
HAL_SPI_Transmit_IT                               build/stm32l0xx_hal_spi.o
HAL_SPI_TxCpltCallback                            build/stm32l0xx_hal_spi.o
HAL_SPI_TxHalfCpltCallback                        build/stm32l0xx_hal_spi.o
HAL_SPI_TxRxCpltCallback                          build/stm32l0xx_hal_spi.o
HAL_SPI_TxRxHalfCpltCallback                      build/stm32l0xx_hal_spi.o
HAL_SYSCFG_Disable_Lock_VREFINT                   build/stm32l0xx_hal.o
HAL_SYSCFG_Enable_Lock_VREFINT                    build/stm32l0xx_hal.o
HAL_SYSCFG_GetBootMode                            build/stm32l0xx_hal.o
HAL_SYSCFG_VREFINT_OutputSelect                   build/stm32l0xx_hal.o
HAL_SYSTICK_CLKSourceConfig                       build/stm32l0xx_hal_cortex.o
                                                  build/main.o
HAL_SYSTICK_Callback                              build/stm32l0xx_hal_cortex.o
HAL_SYSTICK_Config                                build/stm32l0xx_hal_cortex.o
                                                  build/main.o
                                                  build/stm32l0xx_hal.o
HAL_SYSTICK_IRQHandler                            build/stm32l0xx_hal_cortex.o
                                                  build/stm32l0xx_it.o
HAL_SuspendTick                                   build/stm32l0xx_hal.o
HardFault_Handler                                 build/stm32l0xx_it.o
I2C1_IRQHandler                                   build/startup_stm32l053xx.o
I2C2_IRQHandler                                   build/startup_stm32l053xx.o
LCD_IRQHandler                                    build/startup_stm32l053xx.o
LPTIM1_IRQHandler                                 build/startup_stm32l053xx.o
MasterSendNextEvent                               build/main.o
NMI_Handler                                       build/stm32l0xx_it.o
OperatingMode                                     build/main.o
PLLMulTable                                       build/system_stm32l0xx.o
                                                  build/stm32l0xx_hal_rcc.o
                                                  build/stm32l0xx_hal_rcc_ex.o
PVD_IRQHandler                                    build/startup_stm32l053xx.o
PendSV_Handler                                    build/stm32l0xx_it.o
PingMsg                                           build/main.o
PongMsg                                           build/main.o
PrepareBuffer                                     build/main.o
RCC_CRS_IRQHandler                                build/startup_stm32l053xx.o
RNG_LPUART1_IRQHandler                            build/startup_stm32l053xx.o
RTC_IRQHandler                                    build/startup_stm32l053xx.o
Reset_Handler                                     build/startup_stm32l053xx.o
RssiValue                                         build/main.o
SPI1_IRQHandler                                   build/startup_stm32l053xx.o
SPI2_IRQHandler                                   build/startup_stm32l053xx.o
SVC_Handler                                       build/stm32l0xx_it.o
SetConfiguration                                  build/main.o
SetToMaster                                       build/main.o
SlaveListenNextEvent                              build/main.o
SnrValue                                          build/main.o
State                                             build/main.o
SysTick_Handler                                   build/stm32l0xx_it.o
SystemClock_Config                                build/main.o
SystemCoreClock                                   build/system_stm32l0xx.o
                                                  build/stm32l0xx_hal_rcc.o
                                                  build/stm32l0xx_hal.o
                                                  build/stm32l0xx_hal_pwr_ex.o
SystemCoreClockUpdate                             build/system_stm32l0xx.o
SystemInit                                        build/system_stm32l0xx.o
                                                  build/startup_stm32l053xx.o
TIM21_IRQHandler                                  build/startup_stm32l053xx.o
TIM22_IRQHandler                                  build/startup_stm32l053xx.o
TIM2_IRQHandler                                   build/startup_stm32l053xx.o
TIM6_DAC_IRQHandler                               build/startup_stm32l053xx.o
TSC_IRQHandler                                    build/startup_stm32l053xx.o
USART1_IRQHandler                                 build/startup_stm32l053xx.o
USART2_IRQHandler                                 build/startup_stm32l053xx.o
USB_IRQHandler                                    build/startup_stm32l053xx.o
WWDG_IRQHandler                                   build/startup_stm32l053xx.o
_Error_Handler                                    build/main.o
_Jv_RegisterClasses                               /home/niklas/Downloads/gcc-arm-none-eabi-4_8-2014q3/bin/../lib/gcc/arm-none-eabi/4.8.4/armv6-m/crtbegin.o
__aeabi_cdcmpeq                                   /home/niklas/Downloads/gcc-arm-none-eabi-4_8-2014q3/bin/../lib/gcc/arm-none-eabi/4.8.4/armv6-m/libgcc.a(_arm_cmpdf2.o)
__aeabi_cdcmple                                   /home/niklas/Downloads/gcc-arm-none-eabi-4_8-2014q3/bin/../lib/gcc/arm-none-eabi/4.8.4/armv6-m/libgcc.a(_arm_cmpdf2.o)
__aeabi_cdrcmple                                  /home/niklas/Downloads/gcc-arm-none-eabi-4_8-2014q3/bin/../lib/gcc/arm-none-eabi/4.8.4/armv6-m/libgcc.a(_arm_cmpdf2.o)
__aeabi_d2iz                                      /home/niklas/Downloads/gcc-arm-none-eabi-4_8-2014q3/bin/../lib/gcc/arm-none-eabi/4.8.4/armv6-m/libgcc.a(fixdfsi.o)
                                                  /home/niklas/Downloads/gcc-arm-none-eabi-4_8-2014q3/bin/../lib/gcc/arm-none-eabi/4.8.4/armv6-m/libgcc.a(_fixunsdfsi.o)
__aeabi_d2uiz                                     /home/niklas/Downloads/gcc-arm-none-eabi-4_8-2014q3/bin/../lib/gcc/arm-none-eabi/4.8.4/armv6-m/libgcc.a(_fixunsdfsi.o)
                                                  build/main.o
__aeabi_dcmpeq                                    /home/niklas/Downloads/gcc-arm-none-eabi-4_8-2014q3/bin/../lib/gcc/arm-none-eabi/4.8.4/armv6-m/libgcc.a(_arm_cmpdf2.o)
__aeabi_dcmpge                                    /home/niklas/Downloads/gcc-arm-none-eabi-4_8-2014q3/bin/../lib/gcc/arm-none-eabi/4.8.4/armv6-m/libgcc.a(_arm_cmpdf2.o)
                                                  /home/niklas/Downloads/gcc-arm-none-eabi-4_8-2014q3/bin/../lib/gcc/arm-none-eabi/4.8.4/armv6-m/libgcc.a(_fixunsdfsi.o)
__aeabi_dcmpgt                                    /home/niklas/Downloads/gcc-arm-none-eabi-4_8-2014q3/bin/../lib/gcc/arm-none-eabi/4.8.4/armv6-m/libgcc.a(_arm_cmpdf2.o)
__aeabi_dcmple                                    /home/niklas/Downloads/gcc-arm-none-eabi-4_8-2014q3/bin/../lib/gcc/arm-none-eabi/4.8.4/armv6-m/libgcc.a(_arm_cmpdf2.o)
__aeabi_dcmplt                                    /home/niklas/Downloads/gcc-arm-none-eabi-4_8-2014q3/bin/../lib/gcc/arm-none-eabi/4.8.4/armv6-m/libgcc.a(_arm_cmpdf2.o)
__aeabi_ddiv                                      /home/niklas/Downloads/gcc-arm-none-eabi-4_8-2014q3/bin/../lib/gcc/arm-none-eabi/4.8.4/armv6-m/libgcc.a(divdf3.o)
                                                  build/main.o
__aeabi_dmul                                      /home/niklas/Downloads/gcc-arm-none-eabi-4_8-2014q3/bin/../lib/gcc/arm-none-eabi/4.8.4/armv6-m/libgcc.a(muldf3.o)
                                                  build/main.o
__aeabi_dsub                                      /home/niklas/Downloads/gcc-arm-none-eabi-4_8-2014q3/bin/../lib/gcc/arm-none-eabi/4.8.4/armv6-m/libgcc.a(subdf3.o)
                                                  /home/niklas/Downloads/gcc-arm-none-eabi-4_8-2014q3/bin/../lib/gcc/arm-none-eabi/4.8.4/armv6-m/libgcc.a(_fixunsdfsi.o)
__aeabi_idiv0                                     /home/niklas/Downloads/gcc-arm-none-eabi-4_8-2014q3/bin/../lib/gcc/arm-none-eabi/4.8.4/armv6-m/libgcc.a(_dvmd_tls.o)
                                                  /home/niklas/Downloads/gcc-arm-none-eabi-4_8-2014q3/bin/../lib/gcc/arm-none-eabi/4.8.4/armv6-m/libgcc.a(_udivsi3.o)
__aeabi_ldiv0                                     /home/niklas/Downloads/gcc-arm-none-eabi-4_8-2014q3/bin/../lib/gcc/arm-none-eabi/4.8.4/armv6-m/libgcc.a(_dvmd_tls.o)
__aeabi_ui2d                                      /home/niklas/Downloads/gcc-arm-none-eabi-4_8-2014q3/bin/../lib/gcc/arm-none-eabi/4.8.4/armv6-m/libgcc.a(floatunsidf.o)
                                                  build/main.o
__aeabi_uidiv                                     /home/niklas/Downloads/gcc-arm-none-eabi-4_8-2014q3/bin/../lib/gcc/arm-none-eabi/4.8.4/armv6-m/libgcc.a(_udivsi3.o)
                                                  /home/niklas/Downloads/gcc-arm-none-eabi-4_8-2014q3/bin/../lib/gcc/arm-none-eabi/4.8.4/armv6-m/libgcc.a(divdf3.o)
                                                  build/main.o
                                                  build/stm32l0xx_hal_rcc.o
                                                  build/stm32l0xx_hal_rcc_ex.o
                                                  build/stm32l0xx_hal.o
                                                  build/system_stm32l0xx.o
                                                  build/stm32l0xx_hal_pwr_ex.o
__aeabi_uidivmod                                  /home/niklas/Downloads/gcc-arm-none-eabi-4_8-2014q3/bin/../lib/gcc/arm-none-eabi/4.8.4/armv6-m/libgcc.a(_udivsi3.o)
                                                  /home/niklas/Downloads/gcc-arm-none-eabi-4_8-2014q3/bin/../lib/gcc/arm-none-eabi/4.8.4/armv6-m/libgcc.a(divdf3.o)
__bss_end__                                       /home/niklas/Downloads/gcc-arm-none-eabi-4_8-2014q3/bin/../lib/gcc/arm-none-eabi/4.8.4/../../../../arm-none-eabi/lib/armv6-m/crt0.o
__bss_start__                                     /home/niklas/Downloads/gcc-arm-none-eabi-4_8-2014q3/bin/../lib/gcc/arm-none-eabi/4.8.4/../../../../arm-none-eabi/lib/armv6-m/crt0.o
__call_exitprocs                                  /home/niklas/Downloads/gcc-arm-none-eabi-4_8-2014q3/bin/../lib/gcc/arm-none-eabi/4.8.4/../../../../arm-none-eabi/lib/armv6-m/libc_s.a(lib_a-exit.o)
__clzsi2                                          /home/niklas/Downloads/gcc-arm-none-eabi-4_8-2014q3/bin/../lib/gcc/arm-none-eabi/4.8.4/armv6-m/libgcc.a(_clzsi2.o)
                                                  /home/niklas/Downloads/gcc-arm-none-eabi-4_8-2014q3/bin/../lib/gcc/arm-none-eabi/4.8.4/armv6-m/libgcc.a(floatunsidf.o)
                                                  /home/niklas/Downloads/gcc-arm-none-eabi-4_8-2014q3/bin/../lib/gcc/arm-none-eabi/4.8.4/armv6-m/libgcc.a(subdf3.o)
                                                  /home/niklas/Downloads/gcc-arm-none-eabi-4_8-2014q3/bin/../lib/gcc/arm-none-eabi/4.8.4/armv6-m/libgcc.a(muldf3.o)
                                                  /home/niklas/Downloads/gcc-arm-none-eabi-4_8-2014q3/bin/../lib/gcc/arm-none-eabi/4.8.4/armv6-m/libgcc.a(divdf3.o)
__deregister_frame_info                           /home/niklas/Downloads/gcc-arm-none-eabi-4_8-2014q3/bin/../lib/gcc/arm-none-eabi/4.8.4/armv6-m/crtbegin.o
__dso_handle                                      /home/niklas/Downloads/gcc-arm-none-eabi-4_8-2014q3/bin/../lib/gcc/arm-none-eabi/4.8.4/armv6-m/crtbegin.o
__eqdf2                                           /home/niklas/Downloads/gcc-arm-none-eabi-4_8-2014q3/bin/../lib/gcc/arm-none-eabi/4.8.4/armv6-m/libgcc.a(eqdf2.o)
                                                  /home/niklas/Downloads/gcc-arm-none-eabi-4_8-2014q3/bin/../lib/gcc/arm-none-eabi/4.8.4/armv6-m/libgcc.a(_arm_cmpdf2.o)
__fixunsdfsi                                      /home/niklas/Downloads/gcc-arm-none-eabi-4_8-2014q3/bin/../lib/gcc/arm-none-eabi/4.8.4/armv6-m/libgcc.a(_fixunsdfsi.o)
__gedf2                                           /home/niklas/Downloads/gcc-arm-none-eabi-4_8-2014q3/bin/../lib/gcc/arm-none-eabi/4.8.4/armv6-m/libgcc.a(gedf2.o)
                                                  /home/niklas/Downloads/gcc-arm-none-eabi-4_8-2014q3/bin/../lib/gcc/arm-none-eabi/4.8.4/armv6-m/libgcc.a(_arm_cmpdf2.o)
__gtdf2                                           /home/niklas/Downloads/gcc-arm-none-eabi-4_8-2014q3/bin/../lib/gcc/arm-none-eabi/4.8.4/armv6-m/libgcc.a(gedf2.o)
__init_array_end                                  /home/niklas/Downloads/gcc-arm-none-eabi-4_8-2014q3/bin/../lib/gcc/arm-none-eabi/4.8.4/../../../../arm-none-eabi/lib/armv6-m/libc_s.a(lib_a-init.o)
__init_array_start                                /home/niklas/Downloads/gcc-arm-none-eabi-4_8-2014q3/bin/../lib/gcc/arm-none-eabi/4.8.4/../../../../arm-none-eabi/lib/armv6-m/libc_s.a(lib_a-init.o)
__ledf2                                           /home/niklas/Downloads/gcc-arm-none-eabi-4_8-2014q3/bin/../lib/gcc/arm-none-eabi/4.8.4/armv6-m/libgcc.a(ledf2.o)
                                                  /home/niklas/Downloads/gcc-arm-none-eabi-4_8-2014q3/bin/../lib/gcc/arm-none-eabi/4.8.4/armv6-m/libgcc.a(_arm_cmpdf2.o)
__libc_fini_array                                 /home/niklas/Downloads/gcc-arm-none-eabi-4_8-2014q3/bin/../lib/gcc/arm-none-eabi/4.8.4/../../../../arm-none-eabi/lib/armv6-m/crt0.o
__libc_init_array                                 /home/niklas/Downloads/gcc-arm-none-eabi-4_8-2014q3/bin/../lib/gcc/arm-none-eabi/4.8.4/../../../../arm-none-eabi/lib/armv6-m/libc_s.a(lib_a-init.o)
                                                  build/startup_stm32l053xx.o
                                                  /home/niklas/Downloads/gcc-arm-none-eabi-4_8-2014q3/bin/../lib/gcc/arm-none-eabi/4.8.4/../../../../arm-none-eabi/lib/armv6-m/crt0.o
__ltdf2                                           /home/niklas/Downloads/gcc-arm-none-eabi-4_8-2014q3/bin/../lib/gcc/arm-none-eabi/4.8.4/armv6-m/libgcc.a(ledf2.o)
__nedf2                                           /home/niklas/Downloads/gcc-arm-none-eabi-4_8-2014q3/bin/../lib/gcc/arm-none-eabi/4.8.4/armv6-m/libgcc.a(eqdf2.o)
__preinit_array_end                               /home/niklas/Downloads/gcc-arm-none-eabi-4_8-2014q3/bin/../lib/gcc/arm-none-eabi/4.8.4/../../../../arm-none-eabi/lib/armv6-m/libc_s.a(lib_a-init.o)
__preinit_array_start                             /home/niklas/Downloads/gcc-arm-none-eabi-4_8-2014q3/bin/../lib/gcc/arm-none-eabi/4.8.4/../../../../arm-none-eabi/lib/armv6-m/libc_s.a(lib_a-init.o)
__register_frame_info                             /home/niklas/Downloads/gcc-arm-none-eabi-4_8-2014q3/bin/../lib/gcc/arm-none-eabi/4.8.4/armv6-m/crtbegin.o
__sf_fake_stderr                                  /home/niklas/Downloads/gcc-arm-none-eabi-4_8-2014q3/bin/../lib/gcc/arm-none-eabi/4.8.4/../../../../arm-none-eabi/lib/armv6-m/libc_s.a(lib_a-impure.o)
__sf_fake_stdin                                   /home/niklas/Downloads/gcc-arm-none-eabi-4_8-2014q3/bin/../lib/gcc/arm-none-eabi/4.8.4/../../../../arm-none-eabi/lib/armv6-m/libc_s.a(lib_a-impure.o)
__sf_fake_stdout                                  /home/niklas/Downloads/gcc-arm-none-eabi-4_8-2014q3/bin/../lib/gcc/arm-none-eabi/4.8.4/../../../../arm-none-eabi/lib/armv6-m/libc_s.a(lib_a-impure.o)
__stack                                           /home/niklas/Downloads/gcc-arm-none-eabi-4_8-2014q3/bin/../lib/gcc/arm-none-eabi/4.8.4/../../../../arm-none-eabi/lib/armv6-m/crt0.o
__udivsi3                                         /home/niklas/Downloads/gcc-arm-none-eabi-4_8-2014q3/bin/../lib/gcc/arm-none-eabi/4.8.4/armv6-m/libgcc.a(_udivsi3.o)
_ebss                                             build/startup_stm32l053xx.o
_edata                                            build/startup_stm32l053xx.o
_estack                                           build/startup_stm32l053xx.o
_exit                                             /home/niklas/Downloads/gcc-arm-none-eabi-4_8-2014q3/bin/../lib/gcc/arm-none-eabi/4.8.4/../../../../arm-none-eabi/lib/armv6-m/libnosys.a(_exit.o)
                                                  /home/niklas/Downloads/gcc-arm-none-eabi-4_8-2014q3/bin/../lib/gcc/arm-none-eabi/4.8.4/../../../../arm-none-eabi/lib/armv6-m/libc_s.a(lib_a-exit.o)
_fini                                             /home/niklas/Downloads/gcc-arm-none-eabi-4_8-2014q3/bin/../lib/gcc/arm-none-eabi/4.8.4/armv6-m/crti.o
_global_impure_ptr                                /home/niklas/Downloads/gcc-arm-none-eabi-4_8-2014q3/bin/../lib/gcc/arm-none-eabi/4.8.4/../../../../arm-none-eabi/lib/armv6-m/libc_s.a(lib_a-impure.o)
                                                  /home/niklas/Downloads/gcc-arm-none-eabi-4_8-2014q3/bin/../lib/gcc/arm-none-eabi/4.8.4/../../../../arm-none-eabi/lib/armv6-m/libc_s.a(lib_a-exit.o)
_impure_ptr                                       /home/niklas/Downloads/gcc-arm-none-eabi-4_8-2014q3/bin/../lib/gcc/arm-none-eabi/4.8.4/../../../../arm-none-eabi/lib/armv6-m/libc_s.a(lib_a-impure.o)
_init                                             /home/niklas/Downloads/gcc-arm-none-eabi-4_8-2014q3/bin/../lib/gcc/arm-none-eabi/4.8.4/armv6-m/crti.o
                                                  /home/niklas/Downloads/gcc-arm-none-eabi-4_8-2014q3/bin/../lib/gcc/arm-none-eabi/4.8.4/../../../../arm-none-eabi/lib/armv6-m/libc_s.a(lib_a-init.o)
_mainCRTStartup                                   /home/niklas/Downloads/gcc-arm-none-eabi-4_8-2014q3/bin/../lib/gcc/arm-none-eabi/4.8.4/../../../../arm-none-eabi/lib/armv6-m/crt0.o
_sbss                                             build/startup_stm32l053xx.o
_sdata                                            build/startup_stm32l053xx.o
_sidata                                           build/startup_stm32l053xx.o
_start                                            /home/niklas/Downloads/gcc-arm-none-eabi-4_8-2014q3/bin/../lib/gcc/arm-none-eabi/4.8.4/../../../../arm-none-eabi/lib/armv6-m/crt0.o
atexit                                            /home/niklas/Downloads/gcc-arm-none-eabi-4_8-2014q3/bin/../lib/gcc/arm-none-eabi/4.8.4/../../../../arm-none-eabi/lib/armv6-m/crt0.o
exit                                              /home/niklas/Downloads/gcc-arm-none-eabi-4_8-2014q3/bin/../lib/gcc/arm-none-eabi/4.8.4/../../../../arm-none-eabi/lib/armv6-m/libc_s.a(lib_a-exit.o)
                                                  /home/niklas/Downloads/gcc-arm-none-eabi-4_8-2014q3/bin/../lib/gcc/arm-none-eabi/4.8.4/../../../../arm-none-eabi/lib/armv6-m/crt0.o
g_pfnVectors                                      build/startup_stm32l053xx.o
hardware_init_hook                                /home/niklas/Downloads/gcc-arm-none-eabi-4_8-2014q3/bin/../lib/gcc/arm-none-eabi/4.8.4/../../../../arm-none-eabi/lib/armv6-m/crt0.o
hspi1                                             build/main.o
isMaster                                          build/main.o
main                                              build/main.o
                                                  build/startup_stm32l053xx.o
                                                  /home/niklas/Downloads/gcc-arm-none-eabi-4_8-2014q3/bin/../lib/gcc/arm-none-eabi/4.8.4/../../../../arm-none-eabi/lib/armv6-m/crt0.o
masterCanSend                                     build/main.o
memcpy                                            /home/niklas/Downloads/gcc-arm-none-eabi-4_8-2014q3/bin/../lib/gcc/arm-none-eabi/4.8.4/../../../../arm-none-eabi/lib/armv6-m/libc_s.a(lib_a-memcpy-stub.o)
                                                  build/main.o
memset                                            /home/niklas/Downloads/gcc-arm-none-eabi-4_8-2014q3/bin/../lib/gcc/arm-none-eabi/4.8.4/../../../../arm-none-eabi/lib/armv6-m/libc_s.a(lib_a-memset.o)
                                                  /home/niklas/Downloads/gcc-arm-none-eabi-4_8-2014q3/bin/../lib/gcc/arm-none-eabi/4.8.4/../../../../arm-none-eabi/lib/armv6-m/crt0.o
messageToReceive                                  build/main.o
messageToSend                                     build/main.o
pFlash                                            build/stm32l0xx_hal_flash_ramfunc.o
                                                  build/stm32l0xx_hal_flash_ex.o
                                                  build/stm32l0xx_hal_flash.o
radioConfiguration                                build/main.o
radioFlags                                        build/main.o
slaveCanListen                                    build/main.o
software_init_hook                                /home/niklas/Downloads/gcc-arm-none-eabi-4_8-2014q3/bin/../lib/gcc/arm-none-eabi/4.8.4/../../../../arm-none-eabi/lib/armv6-m/crt0.o
sx126x_AntSwOff                                   build/main.o
sx126x_AntSwOn                                    build/main.o
sx126x_CalibrateImage                             build/main.o
sx126x_Init                                       build/main.o
sx126x_Reset                                      build/main.o
sx126x_SetCrcPolynomial                           build/main.o
sx126x_SetCrcSeed                                 build/main.o
sx126x_SetDio2AsRfSwitchCtrl                      build/main.o
sx126x_SetDioIrqParams                            build/main.o
sx126x_SetModulationParams                        build/main.o
sx126x_SetPaConfig                                build/main.o
sx126x_SetPacketParams                            build/main.o
sx126x_SetPacketType                              build/main.o
sx126x_SetPayload                                 build/main.o
sx126x_SetRfFrequency                             build/main.o
sx126x_SetStandby                                 build/main.o
sx126x_SetSyncWord                                build/main.o
sx126x_SetTx                                      build/main.o
sx126x_SetTxParams                                build/main.o
sx126x_WaitOnBusy                                 build/main.o
sx126x_WaitOnCounter                              build/main.o
sx126x_Wakeup                                     build/main.o
sx126x_WriteBuffer                                build/main.o
sx126x_WriteCommand                               build/main.o
sx126x_WriteReg                                   build/main.o
uwTick                                            build/stm32l0xx_hal.o
